Archive member included because of file (symbol)

C:/Freescale/CW MCU v10.4/MCU/ARM_GCC_Support/ewl/lib/armv6-m\libc.a(exit.o)
                              ./Project_Settings/Startup_Code/__arm_start.o (exit)
C:/Freescale/CW MCU v10.4/MCU/ARM_GCC_Support/ewl/lib/armv6-m\libc.a(memset.o)
                              ./Project_Settings/Startup_Code/__arm_start.o (memset)
C:/Freescale/CW MCU v10.4/MCU/ARM_GCC_Support/ewl/lib/armv6-m\libc.a(strcmp.o)
                              ./Sources/ProcessorExpert.o (strcmp)
C:/Freescale/CW MCU v10.4/MCU/ARM_GCC_Support/ewl/lib/armv6-m\libc.a(printformat_.o)
                              (__pformatter_)
C:/Freescale/CW MCU v10.4/MCU/ARM_GCC_Support/ewl/lib/armv6-m\libc.a(scanformat_.o)
                              (__sformatter)
C:/Freescale/CW MCU v10.4/MCU/ARM_GCC_Support/ewl/lib/armv6-m\libc.a(ctype_aeabi.o)
                              C:/Freescale/CW MCU v10.4/MCU/ARM_GCC_Support/ewl/lib/armv6-m\libc.a(scanformat_.o) (isspace)
C:/Freescale/CW MCU v10.4/MCU/ARM_GCC_Support/ewl/lib/armv6-m\libc.a(__strtoul.o)
                              C:/Freescale/CW MCU v10.4/MCU/ARM_GCC_Support/ewl/lib/armv6-m\libc.a(scanformat_.o) (__strtoul)
C:/Freescale/CW MCU v10.4/MCU/ARM_GCC_Support/ewl/lib/armv6-m\libc.a(__filll_mem.o)
                              C:/Freescale/CW MCU v10.4/MCU/ARM_GCC_Support/ewl/lib/armv6-m\libc.a(memset.o) (__fill_mem)
C:/Freescale/CW MCU v10.4/MCU/ARM_GCC_Support/ewl/lib/armv6-m\libc.a(memchr.o)
                              C:/Freescale/CW MCU v10.4/MCU/ARM_GCC_Support/ewl/lib/armv6-m\libc.a(printformat_.o) (memchr)
C:/Freescale/CW MCU v10.4/MCU/ARM_GCC_Support/ewl/lib/armv6-m\libc.a(memcpy.o)
                              C:/Freescale/CW MCU v10.4/MCU/ARM_GCC_Support/ewl/lib/armv6-m\libc.a(scanformat_.o) (memcpy)
C:/Freescale/CW MCU v10.4/MCU/ARM_GCC_Support/ewl/lib/armv6-m\libc.a(strchr.o)
                              C:/Freescale/CW MCU v10.4/MCU/ARM_GCC_Support/ewl/lib/armv6-m\libc.a(printformat_.o) (strchr)
C:/Freescale/CW MCU v10.4/MCU/ARM_GCC_Support/ewl/lib/armv6-m\libc.a(strlen.o)
                              C:/Freescale/CW MCU v10.4/MCU/ARM_GCC_Support/ewl/lib/armv6-m\libc.a(printformat_.o) (strlen)
c:/freescale/cw mcu v10.4/cross_tools/arm-none-eabi-gcc-4_7_3/bin/../lib/gcc/arm-none-eabi/4.7.3/armv6-m\libgcc.a(_thumb1_case_sqi.o)
                              C:/Freescale/CW MCU v10.4/MCU/ARM_GCC_Support/ewl/lib/armv6-m\libc.a(__strtoul.o) (__gnu_thumb1_case_sqi)
c:/freescale/cw mcu v10.4/cross_tools/arm-none-eabi-gcc-4_7_3/bin/../lib/gcc/arm-none-eabi/4.7.3/armv6-m\libgcc.a(_thumb1_case_uqi.o)
                              C:/Freescale/CW MCU v10.4/MCU/ARM_GCC_Support/ewl/lib/armv6-m\libc.a(scanformat_.o) (__gnu_thumb1_case_uqi)
c:/freescale/cw mcu v10.4/cross_tools/arm-none-eabi-gcc-4_7_3/bin/../lib/gcc/arm-none-eabi/4.7.3/armv6-m\libgcc.a(_udivsi3.o)
                              C:/Freescale/CW MCU v10.4/MCU/ARM_GCC_Support/ewl/lib/armv6-m\libc.a(printformat_.o) (__aeabi_uidiv)
c:/freescale/cw mcu v10.4/cross_tools/arm-none-eabi-gcc-4_7_3/bin/../lib/gcc/arm-none-eabi/4.7.3/armv6-m\libgcc.a(_dvmd_tls.o)
                              c:/freescale/cw mcu v10.4/cross_tools/arm-none-eabi-gcc-4_7_3/bin/../lib/gcc/arm-none-eabi/4.7.3/armv6-m\libgcc.a(_udivsi3.o) (__aeabi_idiv0)
C:/Freescale/CW MCU v10.4/MCU/ARM_GCC_Support/ewl/lib/armv6-m\librt.a(gcc_ctor_dtor.o)
                              ./Project_Settings/Startup_Code/__arm_start.o (__init_cpp)
C:/Freescale/CW MCU v10.4/MCU/ARM_GCC_Support/ewl/lib/armv6-m\librt.a(ROMCopy.o)
                              ./Project_Settings/Startup_Code/__arm_start.o (__copy_rom_sections_to_ram)
C:/Freescale/CW MCU v10.4/MCU/ARM_GCC_Support/ewl/lib/armv6-m\librt.a(__arm_eabi_init.o)
                              C:/Freescale/CW MCU v10.4/MCU/ARM_GCC_Support/ewl/lib/armv6-m\libc.a(exit.o) (__destroy_global_chain)

Allocating common symbols
Common symbol       size              file

ASerialLdd1_DeviceDataPtr
                    0x4               ./Generated_Code/PC.o
ASerialLdd2_DeviceDataPtr
                    0x4               ./Generated_Code/ESP.o
SR_reg              0x1               ./Generated_Code/Cpu.o

Discarded input sections

 .text          0x00000000        0x0 ./Generated_Code/Vectors.o
 .data          0x00000000        0x0 ./Generated_Code/Vectors.o
 .bss           0x00000000        0x0 ./Generated_Code/Vectors.o
 .text          0x00000000        0x0 ./Generated_Code/PE_LDD.o
 .data          0x00000000        0x0 ./Generated_Code/PE_LDD.o
 .bss           0x00000000        0x0 ./Generated_Code/PE_LDD.o
 .rodata.PE_CpuClockConfigurations
                0x00000000       0x28 ./Generated_Code/PE_LDD.o
 .text.PE_FillMemory
                0x00000000       0x28 ./Generated_Code/PE_LDD.o
 .text.PE_PeripheralUsed
                0x00000000       0x5c ./Generated_Code/PE_LDD.o
 .text.LDD_SetClockConfiguration
                0x00000000       0x14 ./Generated_Code/PE_LDD.o
 .text          0x00000000        0x0 ./Generated_Code/PC.o
 .data          0x00000000        0x0 ./Generated_Code/PC.o
 .bss           0x00000000        0x0 ./Generated_Code/PC.o
 .text.PC_RecvBlock
                0x00000000       0x68 ./Generated_Code/PC.o
 .text.PC_SendBlock
                0x00000000      0x170 ./Generated_Code/PC.o
 .text.PC_ClearRxBuf
                0x00000000       0x6c ./Generated_Code/PC.o
 .text.PC_ClearTxBuf
                0x00000000       0x6c ./Generated_Code/PC.o
 .text.PC_GetCharsInRxBuf
                0x00000000       0x14 ./Generated_Code/PC.o
 .text.PC_GetCharsInTxBuf
                0x00000000       0x14 ./Generated_Code/PC.o
 .text          0x00000000        0x0 ./Generated_Code/MCUC1.o
 .data          0x00000000        0x0 ./Generated_Code/MCUC1.o
 .bss           0x00000000        0x0 ./Generated_Code/MCUC1.o
 .text.MCUC1_Deinit
                0x00000000        0x8 ./Generated_Code/MCUC1.o
 .text          0x00000000        0x0 ./Generated_Code/LEDpin3.o
 .data          0x00000000        0x0 ./Generated_Code/LEDpin3.o
 .bss           0x00000000        0x0 ./Generated_Code/LEDpin3.o
 .debug_info    0x00000000       0x76 ./Generated_Code/LEDpin3.o
 .debug_abbrev  0x00000000       0x28 ./Generated_Code/LEDpin3.o
 .debug_aranges
                0x00000000       0x18 ./Generated_Code/LEDpin3.o
 .debug_macinfo
                0x00000000    0x2e456 ./Generated_Code/LEDpin3.o
 .debug_line    0x00000000      0x22b ./Generated_Code/LEDpin3.o
 .debug_str     0x00000000      0x136 ./Generated_Code/LEDpin3.o
 .comment       0x00000000       0x7a ./Generated_Code/LEDpin3.o
 .ARM.attributes
                0x00000000       0x31 ./Generated_Code/LEDpin3.o
 .text          0x00000000        0x0 ./Generated_Code/LEDpin2.o
 .data          0x00000000        0x0 ./Generated_Code/LEDpin2.o
 .bss           0x00000000        0x0 ./Generated_Code/LEDpin2.o
 .debug_info    0x00000000       0x76 ./Generated_Code/LEDpin2.o
 .debug_abbrev  0x00000000       0x28 ./Generated_Code/LEDpin2.o
 .debug_aranges
                0x00000000       0x18 ./Generated_Code/LEDpin2.o
 .debug_macinfo
                0x00000000    0x2e45c ./Generated_Code/LEDpin2.o
 .debug_line    0x00000000      0x22b ./Generated_Code/LEDpin2.o
 .debug_str     0x00000000      0x136 ./Generated_Code/LEDpin2.o
 .comment       0x00000000       0x7a ./Generated_Code/LEDpin2.o
 .ARM.attributes
                0x00000000       0x31 ./Generated_Code/LEDpin2.o
 .text          0x00000000        0x0 ./Generated_Code/LEDpin1.o
 .data          0x00000000        0x0 ./Generated_Code/LEDpin1.o
 .bss           0x00000000        0x0 ./Generated_Code/LEDpin1.o
 .debug_info    0x00000000       0x76 ./Generated_Code/LEDpin1.o
 .debug_abbrev  0x00000000       0x28 ./Generated_Code/LEDpin1.o
 .debug_aranges
                0x00000000       0x18 ./Generated_Code/LEDpin1.o
 .debug_macinfo
                0x00000000    0x2e45c ./Generated_Code/LEDpin1.o
 .debug_line    0x00000000      0x22b ./Generated_Code/LEDpin1.o
 .debug_str     0x00000000      0x136 ./Generated_Code/LEDpin1.o
 .comment       0x00000000       0x7a ./Generated_Code/LEDpin1.o
 .ARM.attributes
                0x00000000       0x31 ./Generated_Code/LEDpin1.o
 .text          0x00000000        0x0 ./Generated_Code/LEDR.o
 .data          0x00000000        0x0 ./Generated_Code/LEDR.o
 .bss           0x00000000        0x0 ./Generated_Code/LEDR.o
 .text.LEDR_Deinit
                0x00000000        0x8 ./Generated_Code/LEDR.o
 .text.LEDR_SetRatio16
                0x00000000       0x3c ./Generated_Code/LEDR.o
 .text          0x00000000        0x0 ./Generated_Code/LEDG.o
 .data          0x00000000        0x0 ./Generated_Code/LEDG.o
 .bss           0x00000000        0x0 ./Generated_Code/LEDG.o
 .text.LEDG_Deinit
                0x00000000        0x8 ./Generated_Code/LEDG.o
 .text.LEDG_SetRatio16
                0x00000000       0x3c ./Generated_Code/LEDG.o
 .text          0x00000000        0x0 ./Generated_Code/LEDB.o
 .data          0x00000000        0x0 ./Generated_Code/LEDB.o
 .bss           0x00000000        0x0 ./Generated_Code/LEDB.o
 .text.LEDB_Deinit
                0x00000000        0x8 ./Generated_Code/LEDB.o
 .text.LEDB_SetRatio16
                0x00000000       0x3c ./Generated_Code/LEDB.o
 .text          0x00000000        0x0 ./Generated_Code/ESP.o
 .data          0x00000000        0x0 ./Generated_Code/ESP.o
 .bss           0x00000000        0x0 ./Generated_Code/ESP.o
 .text.ESP_GetCharsInRxBuf
                0x00000000       0x20 ./Generated_Code/ESP.o
 .text.ESP_GetCharsInTxBuf
                0x00000000       0x20 ./Generated_Code/ESP.o
 .text          0x00000000        0x0 ./Generated_Code/Cpu.o
 .data          0x00000000        0x0 ./Generated_Code/Cpu.o
 .bss           0x00000000        0x0 ./Generated_Code/Cpu.o
 .text          0x00000000        0x0 ./Generated_Code/BitIoLdd3.o
 .data          0x00000000        0x0 ./Generated_Code/BitIoLdd3.o
 .bss           0x00000000        0x0 ./Generated_Code/BitIoLdd3.o
 .text.BitIoLdd3_GetVal
                0x00000000       0x28 ./Generated_Code/BitIoLdd3.o
 .text.BitIoLdd3_ClrVal
                0x00000000       0x18 ./Generated_Code/BitIoLdd3.o
 .text.BitIoLdd3_NegVal
                0x00000000       0x18 ./Generated_Code/BitIoLdd3.o
 .text          0x00000000        0x0 ./Generated_Code/BitIoLdd2.o
 .data          0x00000000        0x0 ./Generated_Code/BitIoLdd2.o
 .bss           0x00000000        0x0 ./Generated_Code/BitIoLdd2.o
 .text.BitIoLdd2_GetVal
                0x00000000       0x28 ./Generated_Code/BitIoLdd2.o
 .text.BitIoLdd2_ClrVal
                0x00000000       0x1c ./Generated_Code/BitIoLdd2.o
 .text.BitIoLdd2_NegVal
                0x00000000       0x1c ./Generated_Code/BitIoLdd2.o
 .text          0x00000000        0x0 ./Generated_Code/BitIoLdd1.o
 .data          0x00000000        0x0 ./Generated_Code/BitIoLdd1.o
 .bss           0x00000000        0x0 ./Generated_Code/BitIoLdd1.o
 .text.BitIoLdd1_GetVal
                0x00000000       0x28 ./Generated_Code/BitIoLdd1.o
 .text.BitIoLdd1_ClrVal
                0x00000000       0x1c ./Generated_Code/BitIoLdd1.o
 .text.BitIoLdd1_NegVal
                0x00000000       0x1c ./Generated_Code/BitIoLdd1.o
 .text          0x00000000        0x0 ./Generated_Code/ASerialLdd2.o
 .data          0x00000000        0x0 ./Generated_Code/ASerialLdd2.o
 .bss           0x00000000        0x0 ./Generated_Code/ASerialLdd2.o
 .text          0x00000000        0x0 ./Generated_Code/ASerialLdd1.o
 .data          0x00000000        0x0 ./Generated_Code/ASerialLdd1.o
 .bss           0x00000000        0x0 ./Generated_Code/ASerialLdd1.o
 .text          0x00000000        0x0 ./Project_Settings/Startup_Code/__arm_start.o
 .data          0x00000000        0x0 ./Project_Settings/Startup_Code/__arm_start.o
 .bss           0x00000000        0x0 ./Project_Settings/Startup_Code/__arm_start.o
 .text.__iar_program_start
                0x00000000        0x4 ./Project_Settings/Startup_Code/__arm_start.o
 .text          0x00000000        0x0 ./Project_Settings/Startup_Code/__arm_end.o
 .data          0x00000000        0x0 ./Project_Settings/Startup_Code/__arm_end.o
 .bss           0x00000000        0x0 ./Project_Settings/Startup_Code/__arm_end.o
 .text          0x00000000        0x0 ./Sources/sa_mtb.o
 .data          0x00000000        0x0 ./Sources/sa_mtb.o
 .bss           0x00000000        0x0 ./Sources/sa_mtb.o
 .debug_info    0x00000000       0x21 ./Sources/sa_mtb.o
 .debug_abbrev  0x00000000       0x12 ./Sources/sa_mtb.o
 .debug_aranges
                0x00000000       0x18 ./Sources/sa_mtb.o
 .debug_macinfo
                0x00000000     0x24d8 ./Sources/sa_mtb.o
 .debug_line    0x00000000       0xaa ./Sources/sa_mtb.o
 .debug_str     0x00000000       0xa3 ./Sources/sa_mtb.o
 .comment       0x00000000       0x7a ./Sources/sa_mtb.o
 .ARM.attributes
                0x00000000       0x31 ./Sources/sa_mtb.o
 .text          0x00000000        0x0 ./Sources/ProcessorExpert.o
 .data          0x00000000        0x0 ./Sources/ProcessorExpert.o
 .bss           0x00000000        0x0 ./Sources/ProcessorExpert.o
 .text          0x00000000        0x0 ./Sources/Events.o
 .data          0x00000000        0x0 ./Sources/Events.o
 .bss           0x00000000        0x0 ./Sources/Events.o
 .text          0x00000000        0x0 C:/Freescale/CW MCU v10.4/MCU/ARM_GCC_Support/ewl/lib/armv6-m\libc.a(exit.o)
 .data          0x00000000        0x0 C:/Freescale/CW MCU v10.4/MCU/ARM_GCC_Support/ewl/lib/armv6-m\libc.a(exit.o)
 .bss           0x00000000        0x0 C:/Freescale/CW MCU v10.4/MCU/ARM_GCC_Support/ewl/lib/armv6-m\libc.a(exit.o)
 .text          0x00000000        0x0 C:/Freescale/CW MCU v10.4/MCU/ARM_GCC_Support/ewl/lib/armv6-m\libc.a(memset.o)
 .data          0x00000000        0x0 C:/Freescale/CW MCU v10.4/MCU/ARM_GCC_Support/ewl/lib/armv6-m\libc.a(memset.o)
 .bss           0x00000000        0x0 C:/Freescale/CW MCU v10.4/MCU/ARM_GCC_Support/ewl/lib/armv6-m\libc.a(memset.o)
 .text          0x00000000        0x0 C:/Freescale/CW MCU v10.4/MCU/ARM_GCC_Support/ewl/lib/armv6-m\libc.a(strcmp.o)
 .data          0x00000000        0x0 C:/Freescale/CW MCU v10.4/MCU/ARM_GCC_Support/ewl/lib/armv6-m\libc.a(strcmp.o)
 .bss           0x00000000        0x0 C:/Freescale/CW MCU v10.4/MCU/ARM_GCC_Support/ewl/lib/armv6-m\libc.a(strcmp.o)
 .text          0x00000000        0x0 C:/Freescale/CW MCU v10.4/MCU/ARM_GCC_Support/ewl/lib/armv6-m\libc.a(printformat_.o)
 .data          0x00000000        0x0 C:/Freescale/CW MCU v10.4/MCU/ARM_GCC_Support/ewl/lib/armv6-m\libc.a(printformat_.o)
 .bss           0x00000000        0x0 C:/Freescale/CW MCU v10.4/MCU/ARM_GCC_Support/ewl/lib/armv6-m\libc.a(printformat_.o)
 .text          0x00000000        0x0 C:/Freescale/CW MCU v10.4/MCU/ARM_GCC_Support/ewl/lib/armv6-m\libc.a(scanformat_.o)
 .data          0x00000000        0x0 C:/Freescale/CW MCU v10.4/MCU/ARM_GCC_Support/ewl/lib/armv6-m\libc.a(scanformat_.o)
 .bss           0x00000000        0x0 C:/Freescale/CW MCU v10.4/MCU/ARM_GCC_Support/ewl/lib/armv6-m\libc.a(scanformat_.o)
 .text          0x00000000        0x0 C:/Freescale/CW MCU v10.4/MCU/ARM_GCC_Support/ewl/lib/armv6-m\libc.a(ctype_aeabi.o)
 .data          0x00000000        0x0 C:/Freescale/CW MCU v10.4/MCU/ARM_GCC_Support/ewl/lib/armv6-m\libc.a(ctype_aeabi.o)
 .bss           0x00000000        0x0 C:/Freescale/CW MCU v10.4/MCU/ARM_GCC_Support/ewl/lib/armv6-m\libc.a(ctype_aeabi.o)
 .text.isalnum  0x00000000       0x1c C:/Freescale/CW MCU v10.4/MCU/ARM_GCC_Support/ewl/lib/armv6-m\libc.a(ctype_aeabi.o)
 .text.iscntrl  0x00000000       0x20 C:/Freescale/CW MCU v10.4/MCU/ARM_GCC_Support/ewl/lib/armv6-m\libc.a(ctype_aeabi.o)
 .text.isdigit  0x00000000        0xe C:/Freescale/CW MCU v10.4/MCU/ARM_GCC_Support/ewl/lib/armv6-m\libc.a(ctype_aeabi.o)
 .text.isgraph  0x00000000       0x1c C:/Freescale/CW MCU v10.4/MCU/ARM_GCC_Support/ewl/lib/armv6-m\libc.a(ctype_aeabi.o)
 .text.islower  0x00000000       0x20 C:/Freescale/CW MCU v10.4/MCU/ARM_GCC_Support/ewl/lib/armv6-m\libc.a(ctype_aeabi.o)
 .text.isprint  0x00000000       0x1c C:/Freescale/CW MCU v10.4/MCU/ARM_GCC_Support/ewl/lib/armv6-m\libc.a(ctype_aeabi.o)
 .text.ispunct  0x00000000       0x20 C:/Freescale/CW MCU v10.4/MCU/ARM_GCC_Support/ewl/lib/armv6-m\libc.a(ctype_aeabi.o)
 .text.isupper  0x00000000       0x20 C:/Freescale/CW MCU v10.4/MCU/ARM_GCC_Support/ewl/lib/armv6-m\libc.a(ctype_aeabi.o)
 .text.isxdigit
                0x00000000       0x20 C:/Freescale/CW MCU v10.4/MCU/ARM_GCC_Support/ewl/lib/armv6-m\libc.a(ctype_aeabi.o)
 .text.isblank  0x00000000       0x28 C:/Freescale/CW MCU v10.4/MCU/ARM_GCC_Support/ewl/lib/armv6-m\libc.a(ctype_aeabi.o)
 .text.tolower  0x00000000        0xe C:/Freescale/CW MCU v10.4/MCU/ARM_GCC_Support/ewl/lib/armv6-m\libc.a(ctype_aeabi.o)
 .text          0x00000000        0x0 C:/Freescale/CW MCU v10.4/MCU/ARM_GCC_Support/ewl/lib/armv6-m\libc.a(__strtoul.o)
 .data          0x00000000        0x0 C:/Freescale/CW MCU v10.4/MCU/ARM_GCC_Support/ewl/lib/armv6-m\libc.a(__strtoul.o)
 .bss           0x00000000        0x0 C:/Freescale/CW MCU v10.4/MCU/ARM_GCC_Support/ewl/lib/armv6-m\libc.a(__strtoul.o)
 .text          0x00000000        0x0 C:/Freescale/CW MCU v10.4/MCU/ARM_GCC_Support/ewl/lib/armv6-m\libc.a(__filll_mem.o)
 .data          0x00000000        0x0 C:/Freescale/CW MCU v10.4/MCU/ARM_GCC_Support/ewl/lib/armv6-m\libc.a(__filll_mem.o)
 .bss           0x00000000        0x0 C:/Freescale/CW MCU v10.4/MCU/ARM_GCC_Support/ewl/lib/armv6-m\libc.a(__filll_mem.o)
 .text          0x00000000        0x0 C:/Freescale/CW MCU v10.4/MCU/ARM_GCC_Support/ewl/lib/armv6-m\libc.a(memchr.o)
 .data          0x00000000        0x0 C:/Freescale/CW MCU v10.4/MCU/ARM_GCC_Support/ewl/lib/armv6-m\libc.a(memchr.o)
 .bss           0x00000000        0x0 C:/Freescale/CW MCU v10.4/MCU/ARM_GCC_Support/ewl/lib/armv6-m\libc.a(memchr.o)
 .text          0x00000000        0x0 C:/Freescale/CW MCU v10.4/MCU/ARM_GCC_Support/ewl/lib/armv6-m\libc.a(memcpy.o)
 .data          0x00000000        0x0 C:/Freescale/CW MCU v10.4/MCU/ARM_GCC_Support/ewl/lib/armv6-m\libc.a(memcpy.o)
 .bss           0x00000000        0x0 C:/Freescale/CW MCU v10.4/MCU/ARM_GCC_Support/ewl/lib/armv6-m\libc.a(memcpy.o)
 .text          0x00000000        0x0 C:/Freescale/CW MCU v10.4/MCU/ARM_GCC_Support/ewl/lib/armv6-m\libc.a(strchr.o)
 .data          0x00000000        0x0 C:/Freescale/CW MCU v10.4/MCU/ARM_GCC_Support/ewl/lib/armv6-m\libc.a(strchr.o)
 .bss           0x00000000        0x0 C:/Freescale/CW MCU v10.4/MCU/ARM_GCC_Support/ewl/lib/armv6-m\libc.a(strchr.o)
 .text          0x00000000        0x0 C:/Freescale/CW MCU v10.4/MCU/ARM_GCC_Support/ewl/lib/armv6-m\libc.a(strlen.o)
 .data          0x00000000        0x0 C:/Freescale/CW MCU v10.4/MCU/ARM_GCC_Support/ewl/lib/armv6-m\libc.a(strlen.o)
 .bss           0x00000000        0x0 C:/Freescale/CW MCU v10.4/MCU/ARM_GCC_Support/ewl/lib/armv6-m\libc.a(strlen.o)
 .data          0x00000000        0x0 c:/freescale/cw mcu v10.4/cross_tools/arm-none-eabi-gcc-4_7_3/bin/../lib/gcc/arm-none-eabi/4.7.3/armv6-m\libgcc.a(_thumb1_case_sqi.o)
 .bss           0x00000000        0x0 c:/freescale/cw mcu v10.4/cross_tools/arm-none-eabi-gcc-4_7_3/bin/../lib/gcc/arm-none-eabi/4.7.3/armv6-m\libgcc.a(_thumb1_case_sqi.o)
 .data          0x00000000        0x0 c:/freescale/cw mcu v10.4/cross_tools/arm-none-eabi-gcc-4_7_3/bin/../lib/gcc/arm-none-eabi/4.7.3/armv6-m\libgcc.a(_thumb1_case_uqi.o)
 .bss           0x00000000        0x0 c:/freescale/cw mcu v10.4/cross_tools/arm-none-eabi-gcc-4_7_3/bin/../lib/gcc/arm-none-eabi/4.7.3/armv6-m\libgcc.a(_thumb1_case_uqi.o)
 .data          0x00000000        0x0 c:/freescale/cw mcu v10.4/cross_tools/arm-none-eabi-gcc-4_7_3/bin/../lib/gcc/arm-none-eabi/4.7.3/armv6-m\libgcc.a(_udivsi3.o)
 .bss           0x00000000        0x0 c:/freescale/cw mcu v10.4/cross_tools/arm-none-eabi-gcc-4_7_3/bin/../lib/gcc/arm-none-eabi/4.7.3/armv6-m\libgcc.a(_udivsi3.o)
 .data          0x00000000        0x0 c:/freescale/cw mcu v10.4/cross_tools/arm-none-eabi-gcc-4_7_3/bin/../lib/gcc/arm-none-eabi/4.7.3/armv6-m\libgcc.a(_dvmd_tls.o)
 .bss           0x00000000        0x0 c:/freescale/cw mcu v10.4/cross_tools/arm-none-eabi-gcc-4_7_3/bin/../lib/gcc/arm-none-eabi/4.7.3/armv6-m\libgcc.a(_dvmd_tls.o)
 .text          0x00000000        0x0 C:/Freescale/CW MCU v10.4/MCU/ARM_GCC_Support/ewl/lib/armv6-m\librt.a(gcc_ctor_dtor.o)
 .data          0x00000000        0x0 C:/Freescale/CW MCU v10.4/MCU/ARM_GCC_Support/ewl/lib/armv6-m\librt.a(gcc_ctor_dtor.o)
 .bss           0x00000000        0x0 C:/Freescale/CW MCU v10.4/MCU/ARM_GCC_Support/ewl/lib/armv6-m\librt.a(gcc_ctor_dtor.o)
 .bss.__dso_handle
                0x00000000        0x4 C:/Freescale/CW MCU v10.4/MCU/ARM_GCC_Support/ewl/lib/armv6-m\librt.a(gcc_ctor_dtor.o)
 .text          0x00000000        0x0 C:/Freescale/CW MCU v10.4/MCU/ARM_GCC_Support/ewl/lib/armv6-m\librt.a(ROMCopy.o)
 .data          0x00000000        0x0 C:/Freescale/CW MCU v10.4/MCU/ARM_GCC_Support/ewl/lib/armv6-m\librt.a(ROMCopy.o)
 .bss           0x00000000        0x0 C:/Freescale/CW MCU v10.4/MCU/ARM_GCC_Support/ewl/lib/armv6-m\librt.a(ROMCopy.o)
 .text.__flush_cache
                0x00000000        0x2 C:/Freescale/CW MCU v10.4/MCU/ARM_GCC_Support/ewl/lib/armv6-m\librt.a(ROMCopy.o)
 .text          0x00000000        0x0 C:/Freescale/CW MCU v10.4/MCU/ARM_GCC_Support/ewl/lib/armv6-m\librt.a(__arm_eabi_init.o)
 .data          0x00000000        0x0 C:/Freescale/CW MCU v10.4/MCU/ARM_GCC_Support/ewl/lib/armv6-m\librt.a(__arm_eabi_init.o)
 .bss           0x00000000        0x0 C:/Freescale/CW MCU v10.4/MCU/ARM_GCC_Support/ewl/lib/armv6-m\librt.a(__arm_eabi_init.o)
 .text.__register_global_object
                0x00000000       0x14 C:/Freescale/CW MCU v10.4/MCU/ARM_GCC_Support/ewl/lib/armv6-m\librt.a(__arm_eabi_init.o)
 .text.__cxa_atexit
                0x00000000       0x38 C:/Freescale/CW MCU v10.4/MCU/ARM_GCC_Support/ewl/lib/armv6-m\librt.a(__arm_eabi_init.o)
 .text.__aeabi_atexit
                0x00000000        0xe C:/Freescale/CW MCU v10.4/MCU/ARM_GCC_Support/ewl/lib/armv6-m\librt.a(__arm_eabi_init.o)
 .text.__register_atexit
                0x00000000        0xc C:/Freescale/CW MCU v10.4/MCU/ARM_GCC_Support/ewl/lib/armv6-m\librt.a(__arm_eabi_init.o)
 .text.__init_hardware
                0x00000000        0x4 C:/Freescale/CW MCU v10.4/MCU/ARM_GCC_Support/ewl/lib/armv6-m\librt.a(__arm_eabi_init.o)
 .bss.atexit_curr_func
                0x00000000        0x4 C:/Freescale/CW MCU v10.4/MCU/ARM_GCC_Support/ewl/lib/armv6-m\librt.a(__arm_eabi_init.o)
 .bss.atexit_funcs
                0x00000000      0x300 C:/Freescale/CW MCU v10.4/MCU/ARM_GCC_Support/ewl/lib/armv6-m\librt.a(__arm_eabi_init.o)

Memory Configuration

Name             Origin             Length             Attributes
m_interrupts     0x00000000         0x000000c0         xr
m_text           0x00000410         0x0001fbf0         xr
m_data           0x1ffff000         0x00004000         rw
m_cfmprotrom     0x00000400         0x00000010         xr
*default*        0x00000000         0xffffffff

Linker script and memory map

LOAD ./Generated_Code/Vectors.o
LOAD ./Generated_Code/PE_LDD.o
LOAD ./Generated_Code/PC.o
LOAD ./Generated_Code/MCUC1.o
LOAD ./Generated_Code/LEDpin3.o
LOAD ./Generated_Code/LEDpin2.o
LOAD ./Generated_Code/LEDpin1.o
LOAD ./Generated_Code/LEDR.o
LOAD ./Generated_Code/LEDG.o
LOAD ./Generated_Code/LEDB.o
LOAD ./Generated_Code/ESP.o
LOAD ./Generated_Code/Cpu.o
LOAD ./Generated_Code/BitIoLdd3.o
LOAD ./Generated_Code/BitIoLdd2.o
LOAD ./Generated_Code/BitIoLdd1.o
LOAD ./Generated_Code/ASerialLdd2.o
LOAD ./Generated_Code/ASerialLdd1.o
LOAD ./Project_Settings/Startup_Code/__arm_start.o
LOAD ./Project_Settings/Startup_Code/__arm_end.o
LOAD ./Sources/sa_mtb.o
LOAD ./Sources/ProcessorExpert.o
LOAD ./Sources/Events.o
                0x00001fa4                __pformatter = __pformatter_
                [0x000023cc]                __sformatter = __sformatter
START GROUP
LOAD C:/Freescale/CW MCU v10.4/MCU/ARM_GCC_Support/ewl/lib/armv6-m\libc.a
LOAD C:/Freescale/CW MCU v10.4/MCU/ARM_GCC_Support/ewl/lib/armv6-m\libm.a
LOAD c:/freescale/cw mcu v10.4/cross_tools/arm-none-eabi-gcc-4_7_3/bin/../lib/gcc/arm-none-eabi/4.7.3/armv6-m\libgcc.a
LOAD C:/Freescale/CW MCU v10.4/MCU/ARM_GCC_Support/ewl/lib/armv6-m\librt.a
LOAD C:/Freescale/CW MCU v10.4/MCU/ARM_GCC_Support/ewl/lib/armv6-m\libuart.a
END GROUP
                0x20003000                _estack = 0x20003000
                0x20003000                __SP_INIT = _estack
                0x00000000                __heap_size = 0x0
                0x00000400                __stack_size = 0x400

.interrupts     0x00000000       0xc0
                0x00000000                __vector_table = .
                0x00000000                . = ALIGN (0x4)
 *(.vectortable)
 .vectortable   0x00000000       0xc0 ./Generated_Code/Vectors.o
                0x00000000                __vect_table
                0x000000c0                . = ALIGN (0x4)

.cfmprotect     0x00000400       0x10
                0x00000400                . = ALIGN (0x4)
 *(.cfmconfig)
 .cfmconfig     0x00000400       0x10 ./Generated_Code/Cpu.o
                0x00000400                _cfm
                0x00000410                . = ALIGN (0x4)

.text           0x00000410     0x2cd4
                0x00000410                . = ALIGN (0x4)
 *(.text)
 .text          0x00000410       0x14 c:/freescale/cw mcu v10.4/cross_tools/arm-none-eabi-gcc-4_7_3/bin/../lib/gcc/arm-none-eabi/4.7.3/armv6-m\libgcc.a(_thumb1_case_sqi.o)
                0x00000410                __gnu_thumb1_case_sqi
 .text          0x00000424       0x14 c:/freescale/cw mcu v10.4/cross_tools/arm-none-eabi-gcc-4_7_3/bin/../lib/gcc/arm-none-eabi/4.7.3/armv6-m\libgcc.a(_thumb1_case_uqi.o)
                0x00000424                __gnu_thumb1_case_uqi
 .text          0x00000438       0x9c c:/freescale/cw mcu v10.4/cross_tools/arm-none-eabi-gcc-4_7_3/bin/../lib/gcc/arm-none-eabi/4.7.3/armv6-m\libgcc.a(_udivsi3.o)
                0x00000438                __aeabi_uidiv
                0x00000438                __udivsi3
                0x000004c0                __aeabi_uidivmod
 .text          0x000004d4        0x4 c:/freescale/cw mcu v10.4/cross_tools/arm-none-eabi-gcc-4_7_3/bin/../lib/gcc/arm-none-eabi/4.7.3/armv6-m\libgcc.a(_dvmd_tls.o)
                0x000004d4                __aeabi_idiv0
                0x000004d4                __aeabi_ldiv0
 *(.text*)
 .text.HWEnDi   0x000004d8       0x20 ./Generated_Code/PC.o
 .text.PC_RecvChar
                0x000004f8       0xdc ./Generated_Code/PC.o
                0x000004f8                PC_RecvChar
 .text.PC_SendChar
                0x000005d4       0xe0 ./Generated_Code/PC.o
                0x000005d4                PC_SendChar
 .text.PC_Init  0x000006b4       0x64 ./Generated_Code/PC.o
                0x000006b4                PC_Init
 .text.ASerialLdd1_OnBlockReceived
                0x00000718       0xc0 ./Generated_Code/PC.o
                0x00000718                ASerialLdd1_OnBlockReceived
 .text.ASerialLdd1_OnBlockSent
                0x000007d8       0xe8 ./Generated_Code/PC.o
                0x000007d8                ASerialLdd1_OnBlockSent
 .text.ASerialLdd1_OnError
                0x000008c0       0x94 ./Generated_Code/PC.o
                0x000008c0                ASerialLdd1_OnError
 .text.ASerialLdd1_OnBreak
                0x00000954       0x20 ./Generated_Code/PC.o
                0x00000954                ASerialLdd1_OnBreak
 .text.MCUC1_Init
                0x00000974        0x8 ./Generated_Code/MCUC1.o
                0x00000974                MCUC1_Init
 .text.LEDR_Init
                0x0000097c       0x18 ./Generated_Code/LEDR.o
                0x0000097c                LEDR_Init
 .text.LEDG_Init
                0x00000994       0x18 ./Generated_Code/LEDG.o
                0x00000994                LEDG_Init
 .text.LEDB_Init
                0x000009ac       0x18 ./Generated_Code/LEDB.o
                0x000009ac                LEDB_Init
 .text.HWEnDi   0x000009c4       0x20 ./Generated_Code/ESP.o
 .text.ESP_RecvChar
                0x000009e4       0xb0 ./Generated_Code/ESP.o
                0x000009e4                ESP_RecvChar
 .text.ESP_SendChar
                0x00000a94       0x9c ./Generated_Code/ESP.o
                0x00000a94                ESP_SendChar
 .text.ESP_Init
                0x00000b30       0x28 ./Generated_Code/ESP.o
                0x00000b30                ESP_Init
 .text.ASerialLdd2_OnBlockReceived
                0x00000b58       0x6c ./Generated_Code/ESP.o
                0x00000b58                ASerialLdd2_OnBlockReceived
 .text.ASerialLdd2_OnBlockSent
                0x00000bc4       0x54 ./Generated_Code/ESP.o
                0x00000bc4                ASerialLdd2_OnBlockSent
 .text.ASerialLdd2_OnError
                0x00000c18       0x94 ./Generated_Code/ESP.o
                0x00000c18                ASerialLdd2_OnError
 .text.ASerialLdd2_OnBreak
                0x00000cac       0x20 ./Generated_Code/ESP.o
                0x00000cac                ASerialLdd2_OnBreak
 .text.Cpu_INT_NMIInterrupt
                0x00000ccc        0xc ./Generated_Code/Cpu.o
                0x00000ccc                Cpu_INT_NMIInterrupt
 .text.Cpu_Interrupt
                0x00000cd8        0xc ./Generated_Code/Cpu.o
                0x00000cd8                Cpu_Interrupt
 .text.__init_hardware
                0x00000ce4       0xe4 ./Generated_Code/Cpu.o
                0x00000ce4                __init_hardware
 .text.PE_low_level_init
                0x00000dc8       0xf4 ./Generated_Code/Cpu.o
                0x00000dc8                PE_low_level_init
 .text.BitIoLdd3_Init
                0x00000ebc       0x60 ./Generated_Code/BitIoLdd3.o
                0x00000ebc                BitIoLdd3_Init
 .text.BitIoLdd3_SetVal
                0x00000f1c       0x18 ./Generated_Code/BitIoLdd3.o
                0x00000f1c                BitIoLdd3_SetVal
 .text.BitIoLdd2_Init
                0x00000f34       0x68 ./Generated_Code/BitIoLdd2.o
                0x00000f34                BitIoLdd2_Init
 .text.BitIoLdd2_SetVal
                0x00000f9c       0x1c ./Generated_Code/BitIoLdd2.o
                0x00000f9c                BitIoLdd2_SetVal
 .text.BitIoLdd1_Init
                0x00000fb8       0x68 ./Generated_Code/BitIoLdd1.o
                0x00000fb8                BitIoLdd1_Init
 .text.BitIoLdd1_SetVal
                0x00001020       0x1c ./Generated_Code/BitIoLdd1.o
                0x00001020                BitIoLdd1_SetVal
 .text.ASerialLdd2_Init
                0x0000103c      0x170 ./Generated_Code/ASerialLdd2.o
                0x0000103c                ASerialLdd2_Init
 .text.ASerialLdd2_ReceiveBlock
                0x000011ac       0x8c ./Generated_Code/ASerialLdd2.o
                0x000011ac                ASerialLdd2_ReceiveBlock
 .text.ASerialLdd2_SendBlock
                0x00001238       0xb8 ./Generated_Code/ASerialLdd2.o
                0x00001238                ASerialLdd2_SendBlock
 .text.InterruptRx
                0x000012f0       0x58 ./Generated_Code/ASerialLdd2.o
 .text.InterruptTx
                0x00001348       0x80 ./Generated_Code/ASerialLdd2.o
 .text.ASerialLdd2_Interrupt
                0x000013c8       0xf4 ./Generated_Code/ASerialLdd2.o
                0x000013c8                ASerialLdd2_Interrupt
 .text.ASerialLdd2_GetError
                0x000014bc       0x68 ./Generated_Code/ASerialLdd2.o
                0x000014bc                ASerialLdd2_GetError
 .text.ASerialLdd1_Init
                0x00001524      0x1c0 ./Generated_Code/ASerialLdd1.o
                0x00001524                ASerialLdd1_Init
 .text.ASerialLdd1_ReceiveBlock
                0x000016e4       0x8c ./Generated_Code/ASerialLdd1.o
                0x000016e4                ASerialLdd1_ReceiveBlock
 .text.ASerialLdd1_SendBlock
                0x00001770       0xb8 ./Generated_Code/ASerialLdd1.o
                0x00001770                ASerialLdd1_SendBlock
 .text.InterruptRx
                0x00001828       0x58 ./Generated_Code/ASerialLdd1.o
 .text.InterruptTx
                0x00001880       0x80 ./Generated_Code/ASerialLdd1.o
 .text.ASerialLdd1_Interrupt
                0x00001900       0xfc ./Generated_Code/ASerialLdd1.o
                0x00001900                ASerialLdd1_Interrupt
 .text.ASerialLdd1_GetError
                0x000019fc       0x68 ./Generated_Code/ASerialLdd1.o
                0x000019fc                ASerialLdd1_GetError
 .text.zero_fill_bss
                0x00001a64       0x24 ./Project_Settings/Startup_Code/__arm_start.o
 .text.__thumb_startup
                0x00001a88       0x30 ./Project_Settings/Startup_Code/__arm_start.o
                0x00001a88                __thumb_startup
 .text._ExitProcess
                0x00001ab8        0xc ./Project_Settings/Startup_Code/__arm_end.o
                0x00001ab8                _ExitProcess
 .text.send_cmd
                0x00001ac4       0x30 ./Sources/ProcessorExpert.o
                0x00001ac4                send_cmd
 .text.sendPC   0x00001af4       0x30 ./Sources/ProcessorExpert.o
                0x00001af4                sendPC
 .text.main     0x00001b24      0x160 ./Sources/ProcessorExpert.o
                0x00001b24                main
 .text.Cpu_OnNMIINT
                0x00001c84        0x8 ./Sources/Events.o
                0x00001c84                Cpu_OnNMIINT
 .text.ESP_OnError
                0x00001c8c        0x8 ./Sources/Events.o
                0x00001c8c                ESP_OnError
 .text.ESP_OnRxChar
                0x00001c94       0x5c ./Sources/Events.o
                0x00001c94                ESP_OnRxChar
 .text.ESP_OnTxChar
                0x00001cf0        0x8 ./Sources/Events.o
                0x00001cf0                ESP_OnTxChar
 .text.PC_OnError
                0x00001cf8        0x8 ./Sources/Events.o
                0x00001cf8                PC_OnError
 .text.PC_OnRxChar
                0x00001d00       0x90 ./Sources/Events.o
                0x00001d00                PC_OnRxChar
 .text.PC_OnTxChar
                0x00001d90        0x8 ./Sources/Events.o
                0x00001d90                PC_OnTxChar
 .text.PC_OnFullRxBuf
                0x00001d98        0x8 ./Sources/Events.o
                0x00001d98                PC_OnFullRxBuf
 .text.PC_OnFreeTxBuf
                0x00001da0        0x8 ./Sources/Events.o
                0x00001da0                PC_OnFreeTxBuf
 .text.exit     0x00001da8       0x38 C:/Freescale/CW MCU v10.4/MCU/ARM_GCC_Support/ewl/lib/armv6-m\libc.a(exit.o)
                0x00001da8                exit
 .text.memset   0x00001de0        0xc C:/Freescale/CW MCU v10.4/MCU/ARM_GCC_Support/ewl/lib/armv6-m\libc.a(memset.o)
                0x00001de0                memset
 .text.strcmp   0x00001dec       0x1c C:/Freescale/CW MCU v10.4/MCU/ARM_GCC_Support/ewl/lib/armv6-m\libc.a(strcmp.o)
                0x00001dec                strcmp
 .text.long2str.isra.0
                0x00001e08      0x19c C:/Freescale/CW MCU v10.4/MCU/ARM_GCC_Support/ewl/lib/armv6-m\libc.a(printformat_.o)
 .text.__pformatter_
                0x00001fa4      0x428 C:/Freescale/CW MCU v10.4/MCU/ARM_GCC_Support/ewl/lib/armv6-m\libc.a(printformat_.o)
                0x00001fa4                __pformatter_
 .text.__sformatter
                0x000023cc      0x698 C:/Freescale/CW MCU v10.4/MCU/ARM_GCC_Support/ewl/lib/armv6-m\libc.a(scanformat_.o)
                0x000023cc                __sformatter
 .text.isalpha  0x00002a64       0x20 C:/Freescale/CW MCU v10.4/MCU/ARM_GCC_Support/ewl/lib/armv6-m\libc.a(ctype_aeabi.o)
                0x00002a64                isalpha
 .text.isspace  0x00002a84       0x20 C:/Freescale/CW MCU v10.4/MCU/ARM_GCC_Support/ewl/lib/armv6-m\libc.a(ctype_aeabi.o)
                0x00002a84                isspace
 .text.toupper  0x00002aa4        0xe C:/Freescale/CW MCU v10.4/MCU/ARM_GCC_Support/ewl/lib/armv6-m\libc.a(ctype_aeabi.o)
                0x00002aa4                toupper
 .text.__strtoul
                0x00002ab2      0x1ce C:/Freescale/CW MCU v10.4/MCU/ARM_GCC_Support/ewl/lib/armv6-m\libc.a(__strtoul.o)
                0x00002ab2                __strtoul
 .text.__fill_mem
                0x00002c80       0x7e C:/Freescale/CW MCU v10.4/MCU/ARM_GCC_Support/ewl/lib/armv6-m\libc.a(__filll_mem.o)
                0x00002c80                __fill_mem
 .text.memchr   0x00002cfe       0x1a C:/Freescale/CW MCU v10.4/MCU/ARM_GCC_Support/ewl/lib/armv6-m\libc.a(memchr.o)
                0x00002cfe                memchr
 .text.memcpy   0x00002d18       0x12 C:/Freescale/CW MCU v10.4/MCU/ARM_GCC_Support/ewl/lib/armv6-m\libc.a(memcpy.o)
                0x00002d18                memcpy
 .text.strchr   0x00002d2a       0x1e C:/Freescale/CW MCU v10.4/MCU/ARM_GCC_Support/ewl/lib/armv6-m\libc.a(strchr.o)
                0x00002d2a                strchr
 .text.strlen   0x00002d48       0x10 C:/Freescale/CW MCU v10.4/MCU/ARM_GCC_Support/ewl/lib/armv6-m\libc.a(strlen.o)
                0x00002d48                strlen
 .text.__init_cpp
                0x00002d58       0x48 C:/Freescale/CW MCU v10.4/MCU/ARM_GCC_Support/ewl/lib/armv6-m\librt.a(gcc_ctor_dtor.o)
                0x00002d58                __init_cpp
 .text.__fini_cpp
                0x00002da0       0x34 C:/Freescale/CW MCU v10.4/MCU/ARM_GCC_Support/ewl/lib/armv6-m\librt.a(gcc_ctor_dtor.o)
                0x00002da0                __fini_cpp
 .text.__copy_rom_section
                0x00002dd4       0x48 C:/Freescale/CW MCU v10.4/MCU/ARM_GCC_Support/ewl/lib/armv6-m\librt.a(ROMCopy.o)
                0x00002dd4                __copy_rom_section
 .text.__copy_rom_sections_to_ram
                0x00002e1c       0x34 C:/Freescale/CW MCU v10.4/MCU/ARM_GCC_Support/ewl/lib/armv6-m\librt.a(ROMCopy.o)
                0x00002e1c                __copy_rom_sections_to_ram
 .text.__destroy_global_chain
                0x00002e50       0x1c C:/Freescale/CW MCU v10.4/MCU/ARM_GCC_Support/ewl/lib/armv6-m\librt.a(__arm_eabi_init.o)
                0x00002e50                __destroy_global_chain
 .text.__init_registers
                0x00002e6c       0x1c C:/Freescale/CW MCU v10.4/MCU/ARM_GCC_Support/ewl/lib/armv6-m\librt.a(__arm_eabi_init.o)
                0x00002e6c                __init_registers
 .text.__init_user
                0x00002e88        0x4 C:/Freescale/CW MCU v10.4/MCU/ARM_GCC_Support/ewl/lib/armv6-m\librt.a(__arm_eabi_init.o)
                0x00002e88                __init_user
 *(.rodata)
 .rodata        0x00002e8c      0x14c ./Sources/ProcessorExpert.o
 *(.rodata*)
 .rodata.str1.1
                0x00002fd8        0x1 C:/Freescale/CW MCU v10.4/MCU/ARM_GCC_Support/ewl/lib/armv6-m\libc.a(printformat_.o)
 .rodata.CSWTCH.20
                0x00002fd9        0x5 C:/Freescale/CW MCU v10.4/MCU/ARM_GCC_Support/ewl/lib/armv6-m\libc.a(printformat_.o)
 .rodata.CSWTCH.21
                0x00002fde        0x5 C:/Freescale/CW MCU v10.4/MCU/ARM_GCC_Support/ewl/lib/armv6-m\libc.a(printformat_.o)
 .rodata.__aeabi_ctype_table_C
                0x00002fe3      0x101 C:/Freescale/CW MCU v10.4/MCU/ARM_GCC_Support/ewl/lib/armv6-m\libc.a(ctype_aeabi.o)
                0x00002fe3                __aeabi_ctype_table_C
 *(.glue_7)
 .glue_7        0x00000000        0x0 linker stubs
 *(.glue_7t)
 .glue_7t       0x00000000        0x0 linker stubs
 *(.eh_frame)
 *(.init)
 *(.fini)
                0x000030e4                . = ALIGN (0x4)
                0x000030e4                _etext = .

.vfp11_veneer   0x000030e4        0x0
 .vfp11_veneer  0x00000000        0x0 linker stubs

.v4_bx          0x000030e4        0x0
 .v4_bx         0x00000000        0x0 linker stubs

.iplt           0x000030e4        0x0
 .iplt          0x00000000        0x0 ./Generated_Code/Vectors.o

.rel.dyn        0x000030e4        0x0
 .rel.iplt      0x00000000        0x0 ./Generated_Code/Vectors.o

.ARM.extab
 *(.ARM.extab* .gnu.linkonce.armextab.*)

.ARM            0x000030e4        0x0
                0x000030e4                __exidx_start = .
 *(.ARM.exidx*)
                0x000030e4                __exidx_end = .

.ctors          0x000030e4        0x0
                0x000030e4                __CTOR_LIST__ = .
 *crtbegin.o(.ctors)
 *(EXCLUDE_FILE(*crtend.o) .ctors)
 *(SORT(.ctors.*))
 *(.ctors)
                0x000030e4                __CTOR_END__ = .

.dtors          0x000030e4        0x0
                0x000030e4                __DTOR_LIST__ = .
 *crtbegin.o(.dtors)
 *(EXCLUDE_FILE(*crtend.o) .dtors)
 *(SORT(.dtors.*))
 *(.dtors)
                0x000030e4                __DTOR_END__ = .

.preinit_array  0x000030e4        0x0
                0x000030e4                PROVIDE (__preinit_array_start, .)
 *(.preinit_array*)
                0x000030e4                PROVIDE (__preinit_array_end, .)

.init_array     0x000030e4        0x0
                0x000030e4                PROVIDE (__init_array_start, .)
 *(SORT(.init_array.*))
 *(.init_array*)
                0x000030e4                PROVIDE (__init_array_end, .)

.fini_array     0x000030e4        0x0
                0x000030e4                PROVIDE (__fini_array_start, .)
 *(SORT(.fini_array.*))
 *(.fini_array*)
                0x000030e4                PROVIDE (__fini_array_end, .)
                0x000030e4                ___ROM_AT = .

.mtb            0x1ffff000        0x0
                0x1ffff000                . = ALIGN (0x8)
                0x1ffff000                _mtb_start = .
 *(.mtb_buf)
                0x1ffff000                . = ALIGN (0x8)
                0x1ffff000                _mtb_end = .

.data           0x1ffff000        0x0 load address 0x000030e4
                0x1ffff000                . = ALIGN (0x4)
                0x1ffff000                _sdata = .
 *(.data)
 *(.data*)
                0x1ffff000                . = ALIGN (0x4)
                0x1ffff000                _edata = .
                0x00000000                ___data_size = (_edata - _sdata)

.igot.plt       0x1ffff000        0x0
 .igot.plt      0x00000000        0x0 ./Generated_Code/Vectors.o
                0x1ffff000                . = ALIGN (0x4)

.bss            0x1ffff000      0x2a8
                0x1ffff000                __START_BSS = .
                0x1ffff000                __bss_start__ = __START_BSS
 *(.bss)
 *(.bss*)
 .bss.PE_LDD_DeviceDataList
                0x1ffff000       0x14 ./Generated_Code/PE_LDD.o
                0x1ffff000                PE_LDD_DeviceDataList
 .bss.SerFlag   0x1ffff014        0x2 ./Generated_Code/PC.o
 .bss.PC_InpLen
                0x1ffff016        0x2 ./Generated_Code/PC.o
 .bss.InpIndexR
                0x1ffff018        0x2 ./Generated_Code/PC.o
 .bss.InpIndexW
                0x1ffff01a        0x2 ./Generated_Code/PC.o
 .bss.InpBuffer
                0x1ffff01c       0x64 ./Generated_Code/PC.o
 .bss.BufferRead
                0x1ffff080        0x1 ./Generated_Code/PC.o
 *fill*         0x1ffff081        0x1 00
 .bss.PC_OutLen
                0x1ffff082        0x2 ./Generated_Code/PC.o
 .bss.OutIndexR
                0x1ffff084        0x2 ./Generated_Code/PC.o
 .bss.OutIndexW
                0x1ffff086        0x2 ./Generated_Code/PC.o
 .bss.OutBuffer
                0x1ffff088       0x64 ./Generated_Code/PC.o
 .bss.OnFreeTxBufSemaphore
                0x1ffff0ec        0x1 ./Generated_Code/PC.o
 *fill*         0x1ffff0ed        0x1 00
 .bss.SerFlag   0x1ffff0ee        0x2 ./Generated_Code/ESP.o
 .bss.BufferRead
                0x1ffff0f0        0x1 ./Generated_Code/ESP.o
 .bss.OutBuffer
                0x1ffff0f1        0x1 ./Generated_Code/ESP.o
 .bss.SR_lock   0x1ffff0f2        0x1 ./Generated_Code/Cpu.o
                0x1ffff0f2                SR_lock
 *fill*         0x1ffff0f3        0x1 00
 .bss.DeviceDataPrv__DEFAULT_RTOS_ALLOC
                0x1ffff0f4        0x4 ./Generated_Code/BitIoLdd3.o
 .bss.DeviceDataPrv__DEFAULT_RTOS_ALLOC
                0x1ffff0f8        0x4 ./Generated_Code/BitIoLdd2.o
 .bss.DeviceDataPrv__DEFAULT_RTOS_ALLOC
                0x1ffff0fc        0x4 ./Generated_Code/BitIoLdd1.o
 .bss.DeviceDataPrv__DEFAULT_RTOS_ALLOC
                0x1ffff100       0x20 ./Generated_Code/ASerialLdd2.o
 .bss.INT_UART2__DEFAULT_RTOS_ISRPARAM
                0x1ffff120        0x4 ./Generated_Code/ASerialLdd2.o
 .bss.DeviceDataPrv__DEFAULT_RTOS_ALLOC
                0x1ffff124       0x20 ./Generated_Code/ASerialLdd1.o
 .bss.INT_UART0__DEFAULT_RTOS_ISRPARAM
                0x1ffff144        0x4 ./Generated_Code/ASerialLdd1.o
 .bss.argv      0x1ffff148        0x4 ./Project_Settings/Startup_Code/__arm_start.o
 .bss.rxPC      0x1ffff14c        0x1 ./Sources/ProcessorExpert.o
                0x1ffff14c                rxPC
 *fill*         0x1ffff14d        0x3 00
 .bss.buf       0x1ffff150       0x64 ./Sources/ProcessorExpert.o
                0x1ffff150                buf
 .bss.pos       0x1ffff1b4        0x1 ./Sources/ProcessorExpert.o
                0x1ffff1b4                pos
 *fill*         0x1ffff1b5        0x3 00
 .bss.rcv       0x1ffff1b8       0x64 ./Sources/ProcessorExpert.o
                0x1ffff1b8                rcv
 .bss.msg       0x1ffff21c        0x1 ./Sources/ProcessorExpert.o
                0x1ffff21c                msg
 *fill*         0x1ffff21d        0x3 00
 .bss.cmd       0x1ffff220       0x64 ./Sources/ProcessorExpert.o
                0x1ffff220                cmd
 .bss.__stdio_exit
                0x1ffff284        0x4 C:/Freescale/CW MCU v10.4/MCU/ARM_GCC_Support/ewl/lib/armv6-m\libc.a(exit.o)
                0x1ffff284                __stdio_exit
 .bss.__console_exit
                0x1ffff288        0x4 C:/Freescale/CW MCU v10.4/MCU/ARM_GCC_Support/ewl/lib/armv6-m\libc.a(exit.o)
                0x1ffff288                __console_exit
 .bss.__S_romp  0x1ffff28c        0xc C:/Freescale/CW MCU v10.4/MCU/ARM_GCC_Support/ewl/lib/armv6-m\librt.a(ROMCopy.o)
 .bss.__global_destructor_chain
                0x1ffff298        0x4 C:/Freescale/CW MCU v10.4/MCU/ARM_GCC_Support/ewl/lib/armv6-m\librt.a(__arm_eabi_init.o)
                0x1ffff298                __global_destructor_chain
 *(COMMON)
 COMMON         0x1ffff29c        0x4 ./Generated_Code/PC.o
                0x1ffff29c                ASerialLdd1_DeviceDataPtr
 COMMON         0x1ffff2a0        0x4 ./Generated_Code/ESP.o
                0x1ffff2a0                ASerialLdd2_DeviceDataPtr
 COMMON         0x1ffff2a4        0x1 ./Generated_Code/Cpu.o
                0x1ffff2a4                SR_reg
                0x1ffff2a8                . = ALIGN (0x4)
 *fill*         0x1ffff2a5        0x3 00
                0x1ffff2a8                __END_BSS = .
                0x1ffff2a8                __bss_end__ = __END_BSS

._user_heap_stack
                0x1ffff2a8      0x400
                0x1ffff2a8                . = ALIGN (0x4)
                0x1ffff2a8                PROVIDE (end, .)
                0x1ffff2a8                PROVIDE (_end, .)
                0x1ffff2a8                __heap_addr = .
                0x1ffff2a8                . = (. + __heap_size)
                0x1ffff6a8                . = (. + __stack_size)
 *fill*         0x1ffff2a8      0x400 00
                0x1ffff6a8                . = ALIGN (0x4)
                0x000030e4                _romp_at = (___ROM_AT + SIZEOF (.data))

.romp           0x1ffff6a8       0x18 load address 0x000030e4
                0x000030e4                __S_romp = _romp_at
                0x1ffff6a8        0x4 LONG 0x30e4 ___ROM_AT
                0x1ffff6ac        0x4 LONG 0x1ffff000 _sdata
                0x1ffff6b0        0x4 LONG 0x0 ___data_size
                0x1ffff6b4        0x4 LONG 0x0
                0x1ffff6b8        0x4 LONG 0x0
                0x1ffff6bc        0x4 LONG 0x0

.ARM.attributes
                0x00000000       0x31
 *(.ARM.attributes)
 .ARM.attributes
                0x00000000       0x31 ./Generated_Code/Vectors.o
 .ARM.attributes
                0x00000031       0x31 ./Generated_Code/PE_LDD.o
 .ARM.attributes
                0x00000062       0x31 ./Generated_Code/PC.o
 .ARM.attributes
                0x00000093       0x31 ./Generated_Code/MCUC1.o
 .ARM.attributes
                0x000000c4       0x31 ./Generated_Code/LEDR.o
 .ARM.attributes
                0x000000f5       0x31 ./Generated_Code/LEDG.o
 .ARM.attributes
                0x00000126       0x31 ./Generated_Code/LEDB.o
 .ARM.attributes
                0x00000157       0x31 ./Generated_Code/ESP.o
 .ARM.attributes
                0x00000188       0x31 ./Generated_Code/Cpu.o
 .ARM.attributes
                0x000001b9       0x31 ./Generated_Code/BitIoLdd3.o
 .ARM.attributes
                0x000001ea       0x31 ./Generated_Code/BitIoLdd2.o
 .ARM.attributes
                0x0000021b       0x31 ./Generated_Code/BitIoLdd1.o
 .ARM.attributes
                0x0000024c       0x31 ./Generated_Code/ASerialLdd2.o
 .ARM.attributes
                0x0000027d       0x31 ./Generated_Code/ASerialLdd1.o
 .ARM.attributes
                0x000002ae       0x31 ./Project_Settings/Startup_Code/__arm_start.o
 .ARM.attributes
                0x000002df       0x31 ./Project_Settings/Startup_Code/__arm_end.o
 .ARM.attributes
                0x00000310       0x31 ./Sources/ProcessorExpert.o
 .ARM.attributes
                0x00000341       0x31 ./Sources/Events.o
 .ARM.attributes
                0x00000372       0x31 C:/Freescale/CW MCU v10.4/MCU/ARM_GCC_Support/ewl/lib/armv6-m\libc.a(exit.o)
 .ARM.attributes
                0x000003a3       0x31 C:/Freescale/CW MCU v10.4/MCU/ARM_GCC_Support/ewl/lib/armv6-m\libc.a(memset.o)
 .ARM.attributes
                0x000003d4       0x31 C:/Freescale/CW MCU v10.4/MCU/ARM_GCC_Support/ewl/lib/armv6-m\libc.a(strcmp.o)
 .ARM.attributes
                0x00000405       0x31 C:/Freescale/CW MCU v10.4/MCU/ARM_GCC_Support/ewl/lib/armv6-m\libc.a(printformat_.o)
 .ARM.attributes
                0x00000436       0x31 C:/Freescale/CW MCU v10.4/MCU/ARM_GCC_Support/ewl/lib/armv6-m\libc.a(scanformat_.o)
 .ARM.attributes
                0x00000467       0x31 C:/Freescale/CW MCU v10.4/MCU/ARM_GCC_Support/ewl/lib/armv6-m\libc.a(ctype_aeabi.o)
 .ARM.attributes
                0x00000498       0x31 C:/Freescale/CW MCU v10.4/MCU/ARM_GCC_Support/ewl/lib/armv6-m\libc.a(__strtoul.o)
 .ARM.attributes
                0x000004c9       0x31 C:/Freescale/CW MCU v10.4/MCU/ARM_GCC_Support/ewl/lib/armv6-m\libc.a(__filll_mem.o)
 .ARM.attributes
                0x000004fa       0x31 C:/Freescale/CW MCU v10.4/MCU/ARM_GCC_Support/ewl/lib/armv6-m\libc.a(memchr.o)
 .ARM.attributes
                0x0000052b       0x31 C:/Freescale/CW MCU v10.4/MCU/ARM_GCC_Support/ewl/lib/armv6-m\libc.a(memcpy.o)
 .ARM.attributes
                0x0000055c       0x31 C:/Freescale/CW MCU v10.4/MCU/ARM_GCC_Support/ewl/lib/armv6-m\libc.a(strchr.o)
 .ARM.attributes
                0x0000058d       0x31 C:/Freescale/CW MCU v10.4/MCU/ARM_GCC_Support/ewl/lib/armv6-m\libc.a(strlen.o)
 .ARM.attributes
                0x000005be       0x1e c:/freescale/cw mcu v10.4/cross_tools/arm-none-eabi-gcc-4_7_3/bin/../lib/gcc/arm-none-eabi/4.7.3/armv6-m\libgcc.a(_thumb1_case_sqi.o)
 .ARM.attributes
                0x000005dc       0x1e c:/freescale/cw mcu v10.4/cross_tools/arm-none-eabi-gcc-4_7_3/bin/../lib/gcc/arm-none-eabi/4.7.3/armv6-m\libgcc.a(_thumb1_case_uqi.o)
 .ARM.attributes
                0x000005fa       0x1e c:/freescale/cw mcu v10.4/cross_tools/arm-none-eabi-gcc-4_7_3/bin/../lib/gcc/arm-none-eabi/4.7.3/armv6-m\libgcc.a(_udivsi3.o)
 .ARM.attributes
                0x00000618       0x1e c:/freescale/cw mcu v10.4/cross_tools/arm-none-eabi-gcc-4_7_3/bin/../lib/gcc/arm-none-eabi/4.7.3/armv6-m\libgcc.a(_dvmd_tls.o)
 .ARM.attributes
                0x00000636       0x31 C:/Freescale/CW MCU v10.4/MCU/ARM_GCC_Support/ewl/lib/armv6-m\librt.a(gcc_ctor_dtor.o)
 .ARM.attributes
                0x00000667       0x31 C:/Freescale/CW MCU v10.4/MCU/ARM_GCC_Support/ewl/lib/armv6-m\librt.a(ROMCopy.o)
 .ARM.attributes
                0x00000698       0x31 C:/Freescale/CW MCU v10.4/MCU/ARM_GCC_Support/ewl/lib/armv6-m\librt.a(__arm_eabi_init.o)
OUTPUT(roteiro_1_item7.elf elf32-littlearm)

.debug_info     0x00000000     0x5471
 .debug_info    0x00000000      0x104 ./Generated_Code/Vectors.o
 .debug_info    0x00000104      0x24e ./Generated_Code/PE_LDD.o
 .debug_info    0x00000352      0x49a ./Generated_Code/PC.o
 .debug_info    0x000007ec       0xa0 ./Generated_Code/MCUC1.o
 .debug_info    0x0000088c       0xf8 ./Generated_Code/LEDR.o
 .debug_info    0x00000984       0xf8 ./Generated_Code/LEDG.o
 .debug_info    0x00000a7c       0xf8 ./Generated_Code/LEDB.o
 .debug_info    0x00000b74      0x2da ./Generated_Code/ESP.o
 .debug_info    0x00000e4e      0x8e0 ./Generated_Code/Cpu.o
 .debug_info    0x0000172e      0x38b ./Generated_Code/BitIoLdd3.o
 .debug_info    0x00001ab9      0x38b ./Generated_Code/BitIoLdd2.o
 .debug_info    0x00001e44      0x38b ./Generated_Code/BitIoLdd1.o
 .debug_info    0x000021cf      0x816 ./Generated_Code/ASerialLdd2.o
 .debug_info    0x000029e5      0x842 ./Generated_Code/ASerialLdd1.o
 .debug_info    0x00003227      0x12a ./Project_Settings/Startup_Code/__arm_start.o
 .debug_info    0x00003351       0x54 ./Project_Settings/Startup_Code/__arm_end.o
 .debug_info    0x000033a5      0x183 ./Sources/ProcessorExpert.o
 .debug_info    0x00003528      0x21d ./Sources/Events.o
 .debug_info    0x00003745       0xe8 C:/Freescale/CW MCU v10.4/MCU/ARM_GCC_Support/ewl/lib/armv6-m\libc.a(exit.o)
 .debug_info    0x0000382d       0xec C:/Freescale/CW MCU v10.4/MCU/ARM_GCC_Support/ewl/lib/armv6-m\libc.a(memset.o)
 .debug_info    0x00003919      0x114 C:/Freescale/CW MCU v10.4/MCU/ARM_GCC_Support/ewl/lib/armv6-m\libc.a(strcmp.o)
 .debug_info    0x00003a2d      0x50d C:/Freescale/CW MCU v10.4/MCU/ARM_GCC_Support/ewl/lib/armv6-m\libc.a(printformat_.o)
 .debug_info    0x00003f3a      0x568 C:/Freescale/CW MCU v10.4/MCU/ARM_GCC_Support/ewl/lib/armv6-m\libc.a(scanformat_.o)
 .debug_info    0x000044a2      0x313 C:/Freescale/CW MCU v10.4/MCU/ARM_GCC_Support/ewl/lib/armv6-m\libc.a(ctype_aeabi.o)
 .debug_info    0x000047b5      0x1d6 C:/Freescale/CW MCU v10.4/MCU/ARM_GCC_Support/ewl/lib/armv6-m\libc.a(__strtoul.o)
 .debug_info    0x0000498b      0x137 C:/Freescale/CW MCU v10.4/MCU/ARM_GCC_Support/ewl/lib/armv6-m\libc.a(__filll_mem.o)
 .debug_info    0x00004ac2      0x121 C:/Freescale/CW MCU v10.4/MCU/ARM_GCC_Support/ewl/lib/armv6-m\libc.a(memchr.o)
 .debug_info    0x00004be3      0x10f C:/Freescale/CW MCU v10.4/MCU/ARM_GCC_Support/ewl/lib/armv6-m\libc.a(memcpy.o)
 .debug_info    0x00004cf2      0x10b C:/Freescale/CW MCU v10.4/MCU/ARM_GCC_Support/ewl/lib/armv6-m\libc.a(strchr.o)
 .debug_info    0x00004dfd       0xea C:/Freescale/CW MCU v10.4/MCU/ARM_GCC_Support/ewl/lib/armv6-m\libc.a(strlen.o)
 .debug_info    0x00004ee7      0x136 C:/Freescale/CW MCU v10.4/MCU/ARM_GCC_Support/ewl/lib/armv6-m\librt.a(gcc_ctor_dtor.o)
 .debug_info    0x0000501d      0x19b C:/Freescale/CW MCU v10.4/MCU/ARM_GCC_Support/ewl/lib/armv6-m\librt.a(ROMCopy.o)
 .debug_info    0x000051b8      0x2b9 C:/Freescale/CW MCU v10.4/MCU/ARM_GCC_Support/ewl/lib/armv6-m\librt.a(__arm_eabi_init.o)

.debug_abbrev   0x00000000     0x1cb4
 .debug_abbrev  0x00000000       0xa3 ./Generated_Code/Vectors.o
 .debug_abbrev  0x000000a3      0x102 ./Generated_Code/PE_LDD.o
 .debug_abbrev  0x000001a5      0x164 ./Generated_Code/PC.o
 .debug_abbrev  0x00000309       0x3d ./Generated_Code/MCUC1.o
 .debug_abbrev  0x00000346       0xa3 ./Generated_Code/LEDR.o
 .debug_abbrev  0x000003e9       0xa3 ./Generated_Code/LEDG.o
 .debug_abbrev  0x0000048c       0xa3 ./Generated_Code/LEDB.o
 .debug_abbrev  0x0000052f      0x12a ./Generated_Code/ESP.o
 .debug_abbrev  0x00000659      0x111 ./Generated_Code/Cpu.o
 .debug_abbrev  0x0000076a      0x11c ./Generated_Code/BitIoLdd3.o
 .debug_abbrev  0x00000886      0x11c ./Generated_Code/BitIoLdd2.o
 .debug_abbrev  0x000009a2      0x11c ./Generated_Code/BitIoLdd1.o
 .debug_abbrev  0x00000abe      0x180 ./Generated_Code/ASerialLdd2.o
 .debug_abbrev  0x00000c3e      0x180 ./Generated_Code/ASerialLdd1.o
 .debug_abbrev  0x00000dbe       0x92 ./Project_Settings/Startup_Code/__arm_start.o
 .debug_abbrev  0x00000e50       0x4c ./Project_Settings/Startup_Code/__arm_end.o
 .debug_abbrev  0x00000e9c       0xb6 ./Sources/ProcessorExpert.o
 .debug_abbrev  0x00000f52       0xab ./Sources/Events.o
 .debug_abbrev  0x00000ffd       0x7a C:/Freescale/CW MCU v10.4/MCU/ARM_GCC_Support/ewl/lib/armv6-m\libc.a(exit.o)
 .debug_abbrev  0x00001077       0x62 C:/Freescale/CW MCU v10.4/MCU/ARM_GCC_Support/ewl/lib/armv6-m\libc.a(memset.o)
 .debug_abbrev  0x000010d9       0x89 C:/Freescale/CW MCU v10.4/MCU/ARM_GCC_Support/ewl/lib/armv6-m\libc.a(strcmp.o)
 .debug_abbrev  0x00001162      0x200 C:/Freescale/CW MCU v10.4/MCU/ARM_GCC_Support/ewl/lib/armv6-m\libc.a(printformat_.o)
 .debug_abbrev  0x00001362      0x1f0 C:/Freescale/CW MCU v10.4/MCU/ARM_GCC_Support/ewl/lib/armv6-m\libc.a(scanformat_.o)
 .debug_abbrev  0x00001552       0x9e C:/Freescale/CW MCU v10.4/MCU/ARM_GCC_Support/ewl/lib/armv6-m\libc.a(ctype_aeabi.o)
 .debug_abbrev  0x000015f0       0xc2 C:/Freescale/CW MCU v10.4/MCU/ARM_GCC_Support/ewl/lib/armv6-m\libc.a(__strtoul.o)
 .debug_abbrev  0x000016b2       0x78 C:/Freescale/CW MCU v10.4/MCU/ARM_GCC_Support/ewl/lib/armv6-m\libc.a(__filll_mem.o)
 .debug_abbrev  0x0000172a       0x95 C:/Freescale/CW MCU v10.4/MCU/ARM_GCC_Support/ewl/lib/armv6-m\libc.a(memchr.o)
 .debug_abbrev  0x000017bf       0x95 C:/Freescale/CW MCU v10.4/MCU/ARM_GCC_Support/ewl/lib/armv6-m\libc.a(memcpy.o)
 .debug_abbrev  0x00001854       0x7a C:/Freescale/CW MCU v10.4/MCU/ARM_GCC_Support/ewl/lib/armv6-m\libc.a(strchr.o)
 .debug_abbrev  0x000018ce       0x7a C:/Freescale/CW MCU v10.4/MCU/ARM_GCC_Support/ewl/lib/armv6-m\libc.a(strlen.o)
 .debug_abbrev  0x00001948       0x99 C:/Freescale/CW MCU v10.4/MCU/ARM_GCC_Support/ewl/lib/armv6-m\librt.a(gcc_ctor_dtor.o)
 .debug_abbrev  0x000019e1      0x120 C:/Freescale/CW MCU v10.4/MCU/ARM_GCC_Support/ewl/lib/armv6-m\librt.a(ROMCopy.o)
 .debug_abbrev  0x00001b01      0x1b3 C:/Freescale/CW MCU v10.4/MCU/ARM_GCC_Support/ewl/lib/armv6-m\librt.a(__arm_eabi_init.o)

.debug_aranges  0x00000000      0x708
 .debug_aranges
                0x00000000       0x18 ./Generated_Code/Vectors.o
 .debug_aranges
                0x00000018       0x30 ./Generated_Code/PE_LDD.o
 .debug_aranges
                0x00000048       0x88 ./Generated_Code/PC.o
 .debug_aranges
                0x000000d0       0x28 ./Generated_Code/MCUC1.o
 .debug_aranges
                0x000000f8       0x30 ./Generated_Code/LEDR.o
 .debug_aranges
                0x00000128       0x30 ./Generated_Code/LEDG.o
 .debug_aranges
                0x00000158       0x30 ./Generated_Code/LEDB.o
 .debug_aranges
                0x00000188       0x68 ./Generated_Code/ESP.o
 .debug_aranges
                0x000001f0       0x38 ./Generated_Code/Cpu.o
 .debug_aranges
                0x00000228       0x40 ./Generated_Code/BitIoLdd3.o
 .debug_aranges
                0x00000268       0x40 ./Generated_Code/BitIoLdd2.o
 .debug_aranges
                0x000002a8       0x40 ./Generated_Code/BitIoLdd1.o
 .debug_aranges
                0x000002e8       0x50 ./Generated_Code/ASerialLdd2.o
 .debug_aranges
                0x00000338       0x50 ./Generated_Code/ASerialLdd1.o
 .debug_aranges
                0x00000388       0x30 ./Project_Settings/Startup_Code/__arm_start.o
 .debug_aranges
                0x000003b8       0x20 ./Project_Settings/Startup_Code/__arm_end.o
 .debug_aranges
                0x000003d8       0x30 ./Sources/ProcessorExpert.o
 .debug_aranges
                0x00000408       0x60 ./Sources/Events.o
 .debug_aranges
                0x00000468       0x20 C:/Freescale/CW MCU v10.4/MCU/ARM_GCC_Support/ewl/lib/armv6-m\libc.a(exit.o)
 .debug_aranges
                0x00000488       0x20 C:/Freescale/CW MCU v10.4/MCU/ARM_GCC_Support/ewl/lib/armv6-m\libc.a(memset.o)
 .debug_aranges
                0x000004a8       0x20 C:/Freescale/CW MCU v10.4/MCU/ARM_GCC_Support/ewl/lib/armv6-m\libc.a(strcmp.o)
 .debug_aranges
                0x000004c8       0x28 C:/Freescale/CW MCU v10.4/MCU/ARM_GCC_Support/ewl/lib/armv6-m\libc.a(printformat_.o)
 .debug_aranges
                0x000004f0       0x20 C:/Freescale/CW MCU v10.4/MCU/ARM_GCC_Support/ewl/lib/armv6-m\libc.a(scanformat_.o)
 .debug_aranges
                0x00000510       0x88 C:/Freescale/CW MCU v10.4/MCU/ARM_GCC_Support/ewl/lib/armv6-m\libc.a(ctype_aeabi.o)
 .debug_aranges
                0x00000598       0x20 C:/Freescale/CW MCU v10.4/MCU/ARM_GCC_Support/ewl/lib/armv6-m\libc.a(__strtoul.o)
 .debug_aranges
                0x000005b8       0x20 C:/Freescale/CW MCU v10.4/MCU/ARM_GCC_Support/ewl/lib/armv6-m\libc.a(__filll_mem.o)
 .debug_aranges
                0x000005d8       0x20 C:/Freescale/CW MCU v10.4/MCU/ARM_GCC_Support/ewl/lib/armv6-m\libc.a(memchr.o)
 .debug_aranges
                0x000005f8       0x20 C:/Freescale/CW MCU v10.4/MCU/ARM_GCC_Support/ewl/lib/armv6-m\libc.a(memcpy.o)
 .debug_aranges
                0x00000618       0x20 C:/Freescale/CW MCU v10.4/MCU/ARM_GCC_Support/ewl/lib/armv6-m\libc.a(strchr.o)
 .debug_aranges
                0x00000638       0x20 C:/Freescale/CW MCU v10.4/MCU/ARM_GCC_Support/ewl/lib/armv6-m\libc.a(strlen.o)
 .debug_aranges
                0x00000658       0x28 C:/Freescale/CW MCU v10.4/MCU/ARM_GCC_Support/ewl/lib/armv6-m\librt.a(gcc_ctor_dtor.o)
 .debug_aranges
                0x00000680       0x30 C:/Freescale/CW MCU v10.4/MCU/ARM_GCC_Support/ewl/lib/armv6-m\librt.a(ROMCopy.o)
 .debug_aranges
                0x000006b0       0x58 C:/Freescale/CW MCU v10.4/MCU/ARM_GCC_Support/ewl/lib/armv6-m\librt.a(__arm_eabi_init.o)

.debug_macinfo  0x00000000   0x2fa44e
 .debug_macinfo
                0x00000000    0x2fca8 ./Generated_Code/Vectors.o
 .debug_macinfo
                0x0002fca8    0x2fc60 ./Generated_Code/PE_LDD.o
 .debug_macinfo
                0x0005f908    0x2fddd ./Generated_Code/PC.o
 .debug_macinfo
                0x0008f6e5    0x2e07b ./Generated_Code/MCUC1.o
 .debug_macinfo
                0x000bd760    0x2ee95 ./Generated_Code/LEDR.o
 .debug_macinfo
                0x000ec5f5    0x2ee95 ./Generated_Code/LEDG.o
 .debug_macinfo
                0x0011b48a    0x2ee8f ./Generated_Code/LEDB.o
 .debug_macinfo
                0x0014a319    0x2fddd ./Generated_Code/ESP.o
 .debug_macinfo
                0x0017a0f6    0x2fcac ./Generated_Code/Cpu.o
 .debug_macinfo
                0x001a9da2    0x2e34e ./Generated_Code/BitIoLdd3.o
 .debug_macinfo
                0x001d80f0    0x2e354 ./Generated_Code/BitIoLdd2.o
 .debug_macinfo
                0x00206444    0x2e354 ./Generated_Code/BitIoLdd1.o
 .debug_macinfo
                0x00234798    0x2f573 ./Generated_Code/ASerialLdd2.o
 .debug_macinfo
                0x00263d0b    0x2fa52 ./Generated_Code/ASerialLdd1.o
 .debug_macinfo
                0x0029375d     0x3e6d ./Project_Settings/Startup_Code/__arm_start.o
 .debug_macinfo
                0x002975ca     0x3456 ./Project_Settings/Startup_Code/__arm_end.o
 .debug_macinfo
                0x0029aa20    0x2fd96 ./Sources/ProcessorExpert.o
 .debug_macinfo
                0x002ca7b6    0x2fc98 ./Sources/Events.o

.debug_line     0x00000000     0x4afa
 .debug_line    0x00000000      0x477 ./Generated_Code/Vectors.o
 .debug_line    0x00000477      0x34c ./Generated_Code/PE_LDD.o
 .debug_line    0x000007c3      0x594 ./Generated_Code/PC.o
 .debug_line    0x00000d57      0x1ec ./Generated_Code/MCUC1.o
 .debug_line    0x00000f43      0x295 ./Generated_Code/LEDR.o
 .debug_line    0x000011d8      0x295 ./Generated_Code/LEDG.o
 .debug_line    0x0000146d      0x295 ./Generated_Code/LEDB.o
 .debug_line    0x00001702      0x4e5 ./Generated_Code/ESP.o
 .debug_line    0x00001be7      0x4e0 ./Generated_Code/Cpu.o
 .debug_line    0x000020c7      0x281 ./Generated_Code/BitIoLdd3.o
 .debug_line    0x00002348      0x280 ./Generated_Code/BitIoLdd2.o
 .debug_line    0x000025c8      0x280 ./Generated_Code/BitIoLdd1.o
 .debug_line    0x00002848      0x31c ./Generated_Code/ASerialLdd2.o
 .debug_line    0x00002b64      0x320 ./Generated_Code/ASerialLdd1.o
 .debug_line    0x00002e84      0x2a7 ./Project_Settings/Startup_Code/__arm_start.o
 .debug_line    0x0000312b      0x266 ./Project_Settings/Startup_Code/__arm_end.o
 .debug_line    0x00003391      0x411 ./Sources/ProcessorExpert.o
 .debug_line    0x000037a2      0x3f9 ./Sources/Events.o
 .debug_line    0x00003b9b       0x8d C:/Freescale/CW MCU v10.4/MCU/ARM_GCC_Support/ewl/lib/armv6-m\libc.a(exit.o)
 .debug_line    0x00003c28       0x90 C:/Freescale/CW MCU v10.4/MCU/ARM_GCC_Support/ewl/lib/armv6-m\libc.a(memset.o)
 .debug_line    0x00003cb8       0x83 C:/Freescale/CW MCU v10.4/MCU/ARM_GCC_Support/ewl/lib/armv6-m\libc.a(strcmp.o)
 .debug_line    0x00003d3b      0x2c3 C:/Freescale/CW MCU v10.4/MCU/ARM_GCC_Support/ewl/lib/armv6-m\libc.a(printformat_.o)
 .debug_line    0x00003ffe      0x2be C:/Freescale/CW MCU v10.4/MCU/ARM_GCC_Support/ewl/lib/armv6-m\libc.a(scanformat_.o)
 .debug_line    0x000042bc      0x1be C:/Freescale/CW MCU v10.4/MCU/ARM_GCC_Support/ewl/lib/armv6-m\libc.a(ctype_aeabi.o)
 .debug_line    0x0000447a      0x11e C:/Freescale/CW MCU v10.4/MCU/ARM_GCC_Support/ewl/lib/armv6-m\libc.a(__strtoul.o)
 .debug_line    0x00004598       0xf6 C:/Freescale/CW MCU v10.4/MCU/ARM_GCC_Support/ewl/lib/armv6-m\libc.a(__filll_mem.o)
 .debug_line    0x0000468e       0x9f C:/Freescale/CW MCU v10.4/MCU/ARM_GCC_Support/ewl/lib/armv6-m\libc.a(memchr.o)
 .debug_line    0x0000472d       0x8b C:/Freescale/CW MCU v10.4/MCU/ARM_GCC_Support/ewl/lib/armv6-m\libc.a(memcpy.o)
 .debug_line    0x000047b8       0x7d C:/Freescale/CW MCU v10.4/MCU/ARM_GCC_Support/ewl/lib/armv6-m\libc.a(strchr.o)
 .debug_line    0x00004835       0x85 C:/Freescale/CW MCU v10.4/MCU/ARM_GCC_Support/ewl/lib/armv6-m\libc.a(strlen.o)
 .debug_line    0x000048ba       0x6c C:/Freescale/CW MCU v10.4/MCU/ARM_GCC_Support/ewl/lib/armv6-m\librt.a(gcc_ctor_dtor.o)
 .debug_line    0x00004926       0xbd C:/Freescale/CW MCU v10.4/MCU/ARM_GCC_Support/ewl/lib/armv6-m\librt.a(ROMCopy.o)
 .debug_line    0x000049e3      0x117 C:/Freescale/CW MCU v10.4/MCU/ARM_GCC_Support/ewl/lib/armv6-m\librt.a(__arm_eabi_init.o)

.debug_str      0x00000000     0x18c1
 .debug_str     0x00000000      0x14c ./Generated_Code/Vectors.o
                                0x178 (size before relaxing)
 .debug_str     0x0000014c      0x1a5 ./Generated_Code/PE_LDD.o
                                0x2db (size before relaxing)
 .debug_str     0x000002f1      0x217 ./Generated_Code/PC.o
                                0x379 (size before relaxing)
 .debug_str     0x00000508       0x32 ./Generated_Code/MCUC1.o
                                0x14c (size before relaxing)
 .debug_str     0x0000053a       0x4e ./Generated_Code/LEDR.o
                                0x18e (size before relaxing)
 .debug_str     0x00000588       0x3f ./Generated_Code/LEDG.o
                                0x18e (size before relaxing)
 .debug_str     0x000005c7       0x3f ./Generated_Code/LEDB.o
                                0x18e (size before relaxing)
 .debug_str     0x00000606       0xe6 ./Generated_Code/ESP.o
                                0x2b9 (size before relaxing)
 .debug_str     0x000006ec      0x2be ./Generated_Code/Cpu.o
                                0x427 (size before relaxing)
 .debug_str     0x000009aa      0x114 ./Generated_Code/BitIoLdd3.o
                                0x2e4 (size before relaxing)
 .debug_str     0x00000abe       0xa0 ./Generated_Code/BitIoLdd2.o
                                0x2e4 (size before relaxing)
 .debug_str     0x00000b5e       0xa0 ./Generated_Code/BitIoLdd1.o
                                0x2e4 (size before relaxing)
 .debug_str     0x00000bfe      0x1a9 ./Generated_Code/ASerialLdd2.o
                                0x4d9 (size before relaxing)
 .debug_str     0x00000da7       0xfc ./Generated_Code/ASerialLdd1.o
                                0x4db (size before relaxing)
 .debug_str     0x00000ea3       0x85 ./Project_Settings/Startup_Code/__arm_start.o
                                0x1a6 (size before relaxing)
 .debug_str     0x00000f28       0x41 ./Project_Settings/Startup_Code/__arm_end.o
                                 0xdd (size before relaxing)
 .debug_str     0x00000f69       0x37 ./Sources/ProcessorExpert.o
                                0x166 (size before relaxing)
 .debug_str     0x00000fa0       0x88 ./Sources/Events.o
                                0x1af (size before relaxing)
 .debug_str     0x00001028       0x54 C:/Freescale/CW MCU v10.4/MCU/ARM_GCC_Support/ewl/lib/armv6-m\libc.a(exit.o)
                                0x157 (size before relaxing)
 .debug_str     0x0000107c       0x23 C:/Freescale/CW MCU v10.4/MCU/ARM_GCC_Support/ewl/lib/armv6-m\libc.a(memset.o)
                                0x140 (size before relaxing)
 .debug_str     0x0000109f       0x2e C:/Freescale/CW MCU v10.4/MCU/ARM_GCC_Support/ewl/lib/armv6-m\libc.a(strcmp.o)
                                0x152 (size before relaxing)
 .debug_str     0x000010cd      0x233 C:/Freescale/CW MCU v10.4/MCU/ARM_GCC_Support/ewl/lib/armv6-m\libc.a(printformat_.o)
                                0x3b3 (size before relaxing)
 .debug_str     0x00001300      0x184 C:/Freescale/CW MCU v10.4/MCU/ARM_GCC_Support/ewl/lib/armv6-m\libc.a(scanformat_.o)
                                0x3f9 (size before relaxing)
 .debug_str     0x00001484       0x9d C:/Freescale/CW MCU v10.4/MCU/ARM_GCC_Support/ewl/lib/armv6-m\libc.a(ctype_aeabi.o)
                                0x1bc (size before relaxing)
 .debug_str     0x00001521       0x5b C:/Freescale/CW MCU v10.4/MCU/ARM_GCC_Support/ewl/lib/armv6-m\libc.a(__strtoul.o)
                                0x1fb (size before relaxing)
 .debug_str     0x0000157c       0x25 C:/Freescale/CW MCU v10.4/MCU/ARM_GCC_Support/ewl/lib/armv6-m\libc.a(__filll_mem.o)
                                0x152 (size before relaxing)
 .debug_str     0x000015a1       0x1c C:/Freescale/CW MCU v10.4/MCU/ARM_GCC_Support/ewl/lib/armv6-m\libc.a(memchr.o)
                                0x148 (size before relaxing)
 .debug_str     0x000015bd       0x1c C:/Freescale/CW MCU v10.4/MCU/ARM_GCC_Support/ewl/lib/armv6-m\libc.a(memcpy.o)
                                0x138 (size before relaxing)
 .debug_str     0x000015d9       0x1c C:/Freescale/CW MCU v10.4/MCU/ARM_GCC_Support/ewl/lib/armv6-m\libc.a(strchr.o)
                                0x137 (size before relaxing)
 .debug_str     0x000015f5       0x1c C:/Freescale/CW MCU v10.4/MCU/ARM_GCC_Support/ewl/lib/armv6-m\libc.a(strlen.o)
                                0x140 (size before relaxing)
 .debug_str     0x00001611      0x126 C:/Freescale/CW MCU v10.4/MCU/ARM_GCC_Support/ewl/lib/armv6-m\librt.a(gcc_ctor_dtor.o)
                                0x181 (size before relaxing)
 .debug_str     0x00001737       0x9c C:/Freescale/CW MCU v10.4/MCU/ARM_GCC_Support/ewl/lib/armv6-m\librt.a(ROMCopy.o)
                                0x13c (size before relaxing)
 .debug_str     0x000017d3       0xee C:/Freescale/CW MCU v10.4/MCU/ARM_GCC_Support/ewl/lib/armv6-m\librt.a(__arm_eabi_init.o)
                                0x1b5 (size before relaxing)

.comment        0x00000000       0x79
 .comment       0x00000000       0x79 ./Generated_Code/Vectors.o
                                 0x7a (size before relaxing)
 .comment       0x00000000       0x7a ./Generated_Code/PE_LDD.o
 .comment       0x00000000       0x7a ./Generated_Code/PC.o
 .comment       0x00000000       0x7a ./Generated_Code/MCUC1.o
 .comment       0x00000000       0x7a ./Generated_Code/LEDR.o
 .comment       0x00000000       0x7a ./Generated_Code/LEDG.o
 .comment       0x00000000       0x7a ./Generated_Code/LEDB.o
 .comment       0x00000000       0x7a ./Generated_Code/ESP.o
 .comment       0x00000000       0x7a ./Generated_Code/Cpu.o
 .comment       0x00000000       0x7a ./Generated_Code/BitIoLdd3.o
 .comment       0x00000000       0x7a ./Generated_Code/BitIoLdd2.o
 .comment       0x00000000       0x7a ./Generated_Code/BitIoLdd1.o
 .comment       0x00000000       0x7a ./Generated_Code/ASerialLdd2.o
 .comment       0x00000000       0x7a ./Generated_Code/ASerialLdd1.o
 .comment       0x00000000       0x7a ./Project_Settings/Startup_Code/__arm_start.o
 .comment       0x00000000       0x7a ./Project_Settings/Startup_Code/__arm_end.o
 .comment       0x00000000       0x7a ./Sources/ProcessorExpert.o
 .comment       0x00000000       0x7a ./Sources/Events.o
 .comment       0x00000000       0x7a C:/Freescale/CW MCU v10.4/MCU/ARM_GCC_Support/ewl/lib/armv6-m\libc.a(exit.o)
 .comment       0x00000000       0x7a C:/Freescale/CW MCU v10.4/MCU/ARM_GCC_Support/ewl/lib/armv6-m\libc.a(memset.o)
 .comment       0x00000000       0x7a C:/Freescale/CW MCU v10.4/MCU/ARM_GCC_Support/ewl/lib/armv6-m\libc.a(strcmp.o)
 .comment       0x00000000       0x7a C:/Freescale/CW MCU v10.4/MCU/ARM_GCC_Support/ewl/lib/armv6-m\libc.a(printformat_.o)
 .comment       0x00000000       0x7a C:/Freescale/CW MCU v10.4/MCU/ARM_GCC_Support/ewl/lib/armv6-m\libc.a(scanformat_.o)
 .comment       0x00000000       0x7a C:/Freescale/CW MCU v10.4/MCU/ARM_GCC_Support/ewl/lib/armv6-m\libc.a(ctype_aeabi.o)
 .comment       0x00000000       0x7a C:/Freescale/CW MCU v10.4/MCU/ARM_GCC_Support/ewl/lib/armv6-m\libc.a(__strtoul.o)
 .comment       0x00000000       0x7a C:/Freescale/CW MCU v10.4/MCU/ARM_GCC_Support/ewl/lib/armv6-m\libc.a(__filll_mem.o)
 .comment       0x00000000       0x7a C:/Freescale/CW MCU v10.4/MCU/ARM_GCC_Support/ewl/lib/armv6-m\libc.a(memchr.o)
 .comment       0x00000000       0x7a C:/Freescale/CW MCU v10.4/MCU/ARM_GCC_Support/ewl/lib/armv6-m\libc.a(memcpy.o)
 .comment       0x00000000       0x7a C:/Freescale/CW MCU v10.4/MCU/ARM_GCC_Support/ewl/lib/armv6-m\libc.a(strchr.o)
 .comment       0x00000000       0x7a C:/Freescale/CW MCU v10.4/MCU/ARM_GCC_Support/ewl/lib/armv6-m\libc.a(strlen.o)
 .comment       0x00000000       0x7a C:/Freescale/CW MCU v10.4/MCU/ARM_GCC_Support/ewl/lib/armv6-m\librt.a(gcc_ctor_dtor.o)
 .comment       0x00000000       0x7a C:/Freescale/CW MCU v10.4/MCU/ARM_GCC_Support/ewl/lib/armv6-m\librt.a(ROMCopy.o)
 .comment       0x00000000       0x7a C:/Freescale/CW MCU v10.4/MCU/ARM_GCC_Support/ewl/lib/armv6-m\librt.a(__arm_eabi_init.o)

.debug_loc      0x00000000     0x387f
 .debug_loc     0x00000000       0x9c ./Generated_Code/PE_LDD.o
 .debug_loc     0x0000009c      0x2c8 ./Generated_Code/PC.o
 .debug_loc     0x00000364       0x58 ./Generated_Code/MCUC1.o
 .debug_loc     0x000003bc       0x90 ./Generated_Code/LEDR.o
 .debug_loc     0x0000044c       0x90 ./Generated_Code/LEDG.o
 .debug_loc     0x000004dc       0x90 ./Generated_Code/LEDB.o
 .debug_loc     0x0000056c      0x200 ./Generated_Code/ESP.o
 .debug_loc     0x0000076c       0xb0 ./Generated_Code/Cpu.o
 .debug_loc     0x0000081c      0x118 ./Generated_Code/BitIoLdd3.o
 .debug_loc     0x00000934      0x118 ./Generated_Code/BitIoLdd2.o
 .debug_loc     0x00000a4c      0x118 ./Generated_Code/BitIoLdd1.o
 .debug_loc     0x00000b64      0x194 ./Generated_Code/ASerialLdd2.o
 .debug_loc     0x00000cf8      0x194 ./Generated_Code/ASerialLdd1.o
 .debug_loc     0x00000e8c       0x2c ./Project_Settings/Startup_Code/__arm_start.o
 .debug_loc     0x00000eb8       0x38 ./Project_Settings/Startup_Code/__arm_end.o
 .debug_loc     0x00000ef0       0x9c ./Sources/ProcessorExpert.o
 .debug_loc     0x00000f8c      0x1a4 ./Sources/Events.o
 .debug_loc     0x00001130       0x3e C:/Freescale/CW MCU v10.4/MCU/ARM_GCC_Support/ewl/lib/armv6-m\libc.a(exit.o)
 .debug_loc     0x0000116e       0x6f C:/Freescale/CW MCU v10.4/MCU/ARM_GCC_Support/ewl/lib/armv6-m\libc.a(memset.o)
 .debug_loc     0x000011dd       0x64 C:/Freescale/CW MCU v10.4/MCU/ARM_GCC_Support/ewl/lib/armv6-m\libc.a(strcmp.o)
 .debug_loc     0x00001241     0x104b C:/Freescale/CW MCU v10.4/MCU/ARM_GCC_Support/ewl/lib/armv6-m\libc.a(printformat_.o)
 .debug_loc     0x0000228c      0x9d8 C:/Freescale/CW MCU v10.4/MCU/ARM_GCC_Support/ewl/lib/armv6-m\libc.a(scanformat_.o)
 .debug_loc     0x00002c64      0x30d C:/Freescale/CW MCU v10.4/MCU/ARM_GCC_Support/ewl/lib/armv6-m\libc.a(ctype_aeabi.o)
 .debug_loc     0x00002f71      0x305 C:/Freescale/CW MCU v10.4/MCU/ARM_GCC_Support/ewl/lib/armv6-m\libc.a(__strtoul.o)
 .debug_loc     0x00003276      0x14a C:/Freescale/CW MCU v10.4/MCU/ARM_GCC_Support/ewl/lib/armv6-m\libc.a(__filll_mem.o)
 .debug_loc     0x000033c0       0x77 C:/Freescale/CW MCU v10.4/MCU/ARM_GCC_Support/ewl/lib/armv6-m\libc.a(memchr.o)
 .debug_loc     0x00003437       0x59 C:/Freescale/CW MCU v10.4/MCU/ARM_GCC_Support/ewl/lib/armv6-m\libc.a(memcpy.o)
 .debug_loc     0x00003490       0xaf C:/Freescale/CW MCU v10.4/MCU/ARM_GCC_Support/ewl/lib/armv6-m\libc.a(strchr.o)
 .debug_loc     0x0000353f       0x33 C:/Freescale/CW MCU v10.4/MCU/ARM_GCC_Support/ewl/lib/armv6-m\libc.a(strlen.o)
 .debug_loc     0x00003572       0x9d C:/Freescale/CW MCU v10.4/MCU/ARM_GCC_Support/ewl/lib/armv6-m\librt.a(gcc_ctor_dtor.o)
 .debug_loc     0x0000360f       0xd9 C:/Freescale/CW MCU v10.4/MCU/ARM_GCC_Support/ewl/lib/armv6-m\librt.a(ROMCopy.o)
 .debug_loc     0x000036e8      0x197 C:/Freescale/CW MCU v10.4/MCU/ARM_GCC_Support/ewl/lib/armv6-m\librt.a(__arm_eabi_init.o)

.debug_frame    0x00000000     0x1030
 .debug_frame   0x00000000       0x6c ./Generated_Code/PE_LDD.o
 .debug_frame   0x0000006c      0x1bc ./Generated_Code/PC.o
 .debug_frame   0x00000228       0x48 ./Generated_Code/MCUC1.o
 .debug_frame   0x00000270       0x68 ./Generated_Code/LEDR.o
 .debug_frame   0x000002d8       0x68 ./Generated_Code/LEDG.o
 .debug_frame   0x00000340       0x68 ./Generated_Code/LEDB.o
 .debug_frame   0x000003a8      0x140 ./Generated_Code/ESP.o
 .debug_frame   0x000004e8       0x80 ./Generated_Code/Cpu.o
 .debug_frame   0x00000568       0xb0 ./Generated_Code/BitIoLdd3.o
 .debug_frame   0x00000618       0xb0 ./Generated_Code/BitIoLdd2.o
 .debug_frame   0x000006c8       0xb0 ./Generated_Code/BitIoLdd1.o
 .debug_frame   0x00000778       0xf8 ./Generated_Code/ASerialLdd2.o
 .debug_frame   0x00000870       0xf8 ./Generated_Code/ASerialLdd1.o
 .debug_frame   0x00000968       0x4c ./Project_Settings/Startup_Code/__arm_start.o
 .debug_frame   0x000009b4       0x30 ./Project_Settings/Startup_Code/__arm_end.o
 .debug_frame   0x000009e4       0x70 ./Sources/ProcessorExpert.o
 .debug_frame   0x00000a54      0x114 ./Sources/Events.o
 .debug_frame   0x00000b68       0x2c C:/Freescale/CW MCU v10.4/MCU/ARM_GCC_Support/ewl/lib/armv6-m\libc.a(exit.o)
 .debug_frame   0x00000b94       0x28 C:/Freescale/CW MCU v10.4/MCU/ARM_GCC_Support/ewl/lib/armv6-m\libc.a(memset.o)
 .debug_frame   0x00000bbc       0x28 C:/Freescale/CW MCU v10.4/MCU/ARM_GCC_Support/ewl/lib/armv6-m\libc.a(strcmp.o)
 .debug_frame   0x00000be4       0x54 C:/Freescale/CW MCU v10.4/MCU/ARM_GCC_Support/ewl/lib/armv6-m\libc.a(printformat_.o)
 .debug_frame   0x00000c38       0x34 C:/Freescale/CW MCU v10.4/MCU/ARM_GCC_Support/ewl/lib/armv6-m\libc.a(scanformat_.o)
 .debug_frame   0x00000c6c      0x158 C:/Freescale/CW MCU v10.4/MCU/ARM_GCC_Support/ewl/lib/armv6-m\libc.a(ctype_aeabi.o)
 .debug_frame   0x00000dc4       0x30 C:/Freescale/CW MCU v10.4/MCU/ARM_GCC_Support/ewl/lib/armv6-m\libc.a(__strtoul.o)
 .debug_frame   0x00000df4       0x2c C:/Freescale/CW MCU v10.4/MCU/ARM_GCC_Support/ewl/lib/armv6-m\libc.a(__filll_mem.o)
 .debug_frame   0x00000e20       0x28 C:/Freescale/CW MCU v10.4/MCU/ARM_GCC_Support/ewl/lib/armv6-m\libc.a(memchr.o)
 .debug_frame   0x00000e48       0x28 C:/Freescale/CW MCU v10.4/MCU/ARM_GCC_Support/ewl/lib/armv6-m\libc.a(memcpy.o)
 .debug_frame   0x00000e70       0x28 C:/Freescale/CW MCU v10.4/MCU/ARM_GCC_Support/ewl/lib/armv6-m\libc.a(strchr.o)
 .debug_frame   0x00000e98       0x28 C:/Freescale/CW MCU v10.4/MCU/ARM_GCC_Support/ewl/lib/armv6-m\libc.a(strlen.o)
 .debug_frame   0x00000ec0       0x20 c:/freescale/cw mcu v10.4/cross_tools/arm-none-eabi-gcc-4_7_3/bin/../lib/gcc/arm-none-eabi/4.7.3/armv6-m\libgcc.a(_udivsi3.o)
 .debug_frame   0x00000ee0       0x40 C:/Freescale/CW MCU v10.4/MCU/ARM_GCC_Support/ewl/lib/armv6-m\librt.a(gcc_ctor_dtor.o)
 .debug_frame   0x00000f20       0x54 C:/Freescale/CW MCU v10.4/MCU/ARM_GCC_Support/ewl/lib/armv6-m\librt.a(ROMCopy.o)
 .debug_frame   0x00000f74       0xbc C:/Freescale/CW MCU v10.4/MCU/ARM_GCC_Support/ewl/lib/armv6-m\librt.a(__arm_eabi_init.o)
